Archive member included to satisfy reference by file (symbol)

c:/program files/microchip/xc8/v2.45/avr/bin/../lib/gcc/avr/5.4.0/avr5/memx-const\libgcc.a(_mulsi3.o)
                              build/default/debug/3_LIB/MAPPING.o (__mulsi3)
c:/program files/microchip/xc8/v2.45/avr/bin/../lib/gcc/avr/5.4.0/avr5/memx-const\libgcc.a(_udivmodsi4.o)
                              build/default/debug/3_LIB/MAPPING.o (__udivmodsi4)
c:/program files/microchip/xc8/v2.45/avr/bin/../lib/gcc/avr/5.4.0/avr5/memx-const\libgcc.a(_tablejump2.o)
                              build/default/debug/1_MCAL/7-SPI/SPI_program.o (__tablejump2__)
c:/program files/microchip/xc8/v2.45/avr/bin/../lib/gcc/avr/5.4.0/avr5/memx-const\libgcc.a(_copy_data.o)
                              build/default/debug/2_HAL/4_SSD/SSD_program.o (__do_copy_data)
c:/program files/microchip/xc8/v2.45/avr/bin/../lib/gcc/avr/5.4.0/avr5/memx-const\libgcc.a(_umulhisi3.o)
                              build/default/debug/2_HAL/7_LM35/LM35_program.o (__umulhisi3)
c:/program files/microchip/xc8/v2.45/avr/bin/../lib/gcc/avr/5.4.0/avr5/memx-const\libgcc.a(_muluhisi3.o)
                              c:/program files/microchip/xc8/v2.45/avr/bin/../lib/gcc/avr/5.4.0/avr5/memx-const\libgcc.a(_mulsi3.o) (__muluhisi3)
c:/program files/microchip/xc8/v2.45/avr/bin/../lib/gcc/avr/5.4.0/avr5/memx-const\libgcc.a(_udivdi3.o)
                              build/default/debug/2_HAL/5_CLCD/CLCD_program.o (__umoddi3)
c:/program files/microchip/xc8/v2.45/avr/bin/../lib/gcc/avr/5.4.0/avr5/memx-const\libgcc.a(_udivmod64.o)
                              c:/program files/microchip/xc8/v2.45/avr/bin/../lib/gcc/avr/5.4.0/avr5/memx-const\libgcc.a(_udivdi3.o) (__udivmod64)
c:/program files/microchip/xc8/v2.45/avr/bin/../lib/gcc/avr/5.4.0/avr5/memx-const\libgcc.a(_ashldi3.o)
                              build/default/debug/2_HAL/5_CLCD/CLCD_program.o (__ashldi3)
c:/program files/microchip/xc8/v2.45/avr/bin/../lib/gcc/avr/5.4.0/avr5/memx-const\libgcc.a(_adddi3.o)
                              build/default/debug/2_HAL/5_CLCD/CLCD_program.o (__adddi3)
c:/program files/microchip/xc8/v2.45/avr/bin/../lib/gcc/avr/5.4.0/avr5/memx-const\libgcc.a(_cmpdi2_s8.o)
                              build/default/debug/2_HAL/5_CLCD/CLCD_program.o (__cmpdi2_s8)
c:/program files/microchip/xc8/v2.45/avr/bin/../lib/gcc/avr/5.4.0/../../../../avr/lib/avr5/memx-const\libc.a(exit.o)
                              C:/Program Files/Microchip/MPLABX/v6.15/packs/Microchip/ATmega_DFP/3.0.158/xc8/avr/lib/avr5/memx-const/crtatmega32.o (exit)
c:/program files/microchip/xc8/v2.45/avr/bin/../lib/gcc/avr/5.4.0/../../../../avr/lib/avr5/memx-const\libc.a(_Exit.o)
                              c:/program files/microchip/xc8/v2.45/avr/bin/../lib/gcc/avr/5.4.0/../../../../avr/lib/avr5/memx-const\libc.a(exit.o) (_Exit)
c:/program files/microchip/xc8/v2.45/avr/bin/../lib/gcc/avr/5.4.0/avr5/memx-const\libgcc.a(_exit.o)
                              c:/program files/microchip/xc8/v2.45/avr/bin/../lib/gcc/avr/5.4.0/../../../../avr/lib/avr5/memx-const\libc.a(_Exit.o) (_exit)

Discarded input sections

 .data          0x0000000000000000        0x0 C:/Program Files/Microchip/MPLABX/v6.15/packs/Microchip/ATmega_DFP/3.0.158/xc8/avr/lib/avr5/memx-const/crtatmega32.o
 .bss           0x0000000000000000        0x0 C:/Program Files/Microchip/MPLABX/v6.15/packs/Microchip/ATmega_DFP/3.0.158/xc8/avr/lib/avr5/memx-const/crtatmega32.o
 .text          0x0000000000000000        0x0 build/default/debug/1_MCAL/0_PORT/PORT_program.o
 .data          0x0000000000000000        0x0 build/default/debug/1_MCAL/0_PORT/PORT_program.o
 .bss           0x0000000000000000        0x0 build/default/debug/1_MCAL/0_PORT/PORT_program.o
 .text.PORT_voidInit
                0x0000000000000000       0x12 build/default/debug/1_MCAL/0_PORT/PORT_program.o
 .debug_info    0x0000000000000000      0x2c9 build/default/debug/1_MCAL/0_PORT/PORT_program.o
 .debug_abbrev  0x0000000000000000       0x46 build/default/debug/1_MCAL/0_PORT/PORT_program.o
 .debug_aranges
                0x0000000000000000       0x20 build/default/debug/1_MCAL/0_PORT/PORT_program.o
 .debug_ranges  0x0000000000000000       0x10 build/default/debug/1_MCAL/0_PORT/PORT_program.o
 .debug_line    0x0000000000000000       0xa3 build/default/debug/1_MCAL/0_PORT/PORT_program.o
 .debug_str     0x0000000000000000        0x0 build/default/debug/1_MCAL/0_PORT/PORT_program.o
 .comment       0x0000000000000000       0x30 build/default/debug/1_MCAL/0_PORT/PORT_program.o
 .debug_frame   0x0000000000000000       0x24 build/default/debug/1_MCAL/0_PORT/PORT_program.o
 .text          0x0000000000000000        0x0 build/default/debug/1_MCAL/1_DIO/DIO_program.o
 .data          0x0000000000000000        0x0 build/default/debug/1_MCAL/1_DIO/DIO_program.o
 .bss           0x0000000000000000        0x0 build/default/debug/1_MCAL/1_DIO/DIO_program.o
 .text.DIO_enumTogglePinValue
                0x0000000000000000       0x7c build/default/debug/1_MCAL/1_DIO/DIO_program.o
 .text.DIO_enumSetPortDirection
                0x0000000000000000       0x34 build/default/debug/1_MCAL/1_DIO/DIO_program.o
 .text.DIO_enumSetPortValue
                0x0000000000000000       0x34 build/default/debug/1_MCAL/1_DIO/DIO_program.o
 .text.DIO_enumTogglePortValue
                0x0000000000000000       0x44 build/default/debug/1_MCAL/1_DIO/DIO_program.o
 .text.DIO_enumGetPortValue
                0x0000000000000000       0x44 build/default/debug/1_MCAL/1_DIO/DIO_program.o
 .text.DIO_voidWriteHighNibbles
                0x0000000000000000       0x60 build/default/debug/1_MCAL/1_DIO/DIO_program.o
 .text.DIO_voidWriteLowNibbles
                0x0000000000000000       0x5e build/default/debug/1_MCAL/1_DIO/DIO_program.o
 .text          0x0000000000000000        0x0 build/default/debug/1_MCAL/2_EXIT/EXTI_program.o
 .data          0x0000000000000000        0x0 build/default/debug/1_MCAL/2_EXIT/EXTI_program.o
 .bss           0x0000000000000000        0x0 build/default/debug/1_MCAL/2_EXIT/EXTI_program.o
 .text.EXTI_voidInit
                0x0000000000000000        0xe build/default/debug/1_MCAL/2_EXIT/EXTI_program.o
 .text.EXTI_voidSetSignalLatch
                0x0000000000000000       0xf6 build/default/debug/1_MCAL/2_EXIT/EXTI_program.o
 .text.EXTI_voidDisableInterrupt
                0x0000000000000000       0x12 build/default/debug/1_MCAL/2_EXIT/EXTI_program.o
 .text.EXTI_voidEnableInterrupt
                0x0000000000000000       0x12 build/default/debug/1_MCAL/2_EXIT/EXTI_program.o
 .text.EXTI_u8GetFlag
                0x0000000000000000       0x28 build/default/debug/1_MCAL/2_EXIT/EXTI_program.o
 .text.EXTI_voidSetCallBack
                0x0000000000000000       0x16 build/default/debug/1_MCAL/2_EXIT/EXTI_program.o
 .text          0x0000000000000000        0x0 build/default/debug/1_MCAL/3GIE/GIE_program.o
 .data          0x0000000000000000        0x0 build/default/debug/1_MCAL/3GIE/GIE_program.o
 .bss           0x0000000000000000        0x0 build/default/debug/1_MCAL/3GIE/GIE_program.o
 .text.GIE_VoidEnable
                0x0000000000000000        0x4 build/default/debug/1_MCAL/3GIE/GIE_program.o
 .text.GIE_VoidDisable
                0x0000000000000000        0x8 build/default/debug/1_MCAL/3GIE/GIE_program.o
 .debug_info    0x0000000000000000      0x2e7 build/default/debug/1_MCAL/3GIE/GIE_program.o
 .debug_abbrev  0x0000000000000000       0x46 build/default/debug/1_MCAL/3GIE/GIE_program.o
 .debug_aranges
                0x0000000000000000       0x28 build/default/debug/1_MCAL/3GIE/GIE_program.o
 .debug_ranges  0x0000000000000000       0x18 build/default/debug/1_MCAL/3GIE/GIE_program.o
 .debug_line    0x0000000000000000       0x8a build/default/debug/1_MCAL/3GIE/GIE_program.o
 .debug_str     0x0000000000000000        0x0 build/default/debug/1_MCAL/3GIE/GIE_program.o
 .comment       0x0000000000000000       0x30 build/default/debug/1_MCAL/3GIE/GIE_program.o
 .debug_frame   0x0000000000000000       0x34 build/default/debug/1_MCAL/3GIE/GIE_program.o
 .text          0x0000000000000000        0x0 build/default/debug/1_MCAL/4_ADC/ADC_program.o
 .data          0x0000000000000000        0x0 build/default/debug/1_MCAL/4_ADC/ADC_program.o
 .bss           0x0000000000000000        0x0 build/default/debug/1_MCAL/4_ADC/ADC_program.o
 .text.ADC_voidInit
                0x0000000000000000       0x18 build/default/debug/1_MCAL/4_ADC/ADC_program.o
 .text.ADC_voidEnable
                0x0000000000000000        0x4 build/default/debug/1_MCAL/4_ADC/ADC_program.o
 .text.ADC_voidDisable
                0x0000000000000000        0x4 build/default/debug/1_MCAL/4_ADC/ADC_program.o
 .text.ADC_voidInterruptEnable
                0x0000000000000000        0x4 build/default/debug/1_MCAL/4_ADC/ADC_program.o
 .text.ADC_voidInterruptDisable
                0x0000000000000000        0x4 build/default/debug/1_MCAL/4_ADC/ADC_program.o
 .text.ADC_u8SetPrescaler
                0x0000000000000000       0x14 build/default/debug/1_MCAL/4_ADC/ADC_program.o
 .text.ADC_u8GetResultSync
                0x0000000000000000       0x74 build/default/debug/1_MCAL/4_ADC/ADC_program.o
 .text.ADC_u8StartConversionAsynch
                0x0000000000000000       0x4e build/default/debug/1_MCAL/4_ADC/ADC_program.o
 .text.ADC_u8StartChainAsynch
                0x0000000000000000       0x94 build/default/debug/1_MCAL/4_ADC/ADC_program.o
 .text          0x0000000000000000        0x0 build/default/debug/1_MCAL/5_TIMER/TIMER_program.o
 .data          0x0000000000000000        0x0 build/default/debug/1_MCAL/5_TIMER/TIMER_program.o
 .bss           0x0000000000000000        0x0 build/default/debug/1_MCAL/5_TIMER/TIMER_program.o
 .text.TIMER0_voidInit
                0x0000000000000000       0x24 build/default/debug/1_MCAL/5_TIMER/TIMER_program.o
 .text.TIMER1_voidInit
                0x0000000000000000       0x70 build/default/debug/1_MCAL/5_TIMER/TIMER_program.o
 .text.TIMER2_voidInit
                0x0000000000000000       0x24 build/default/debug/1_MCAL/5_TIMER/TIMER_program.o
 .text.TIMER0_voidSetPreload
                0x0000000000000000        0x4 build/default/debug/1_MCAL/5_TIMER/TIMER_program.o
 .text.TIMER1_voidSetPreload
                0x0000000000000000        0x6 build/default/debug/1_MCAL/5_TIMER/TIMER_program.o
 .text.TIMER2_voidSetPreload
                0x0000000000000000        0x4 build/default/debug/1_MCAL/5_TIMER/TIMER_program.o
 .text.TIMER0_voidSetCTC
                0x0000000000000000        0x4 build/default/debug/1_MCAL/5_TIMER/TIMER_program.o
 .text.TIMER1_voidSetCTCA
                0x0000000000000000        0x6 build/default/debug/1_MCAL/5_TIMER/TIMER_program.o
 .text.TIMER1_voidSetCTCB
                0x0000000000000000        0x6 build/default/debug/1_MCAL/5_TIMER/TIMER_program.o
 .text.TIMER2_voidSetCTC
                0x0000000000000000        0x4 build/default/debug/1_MCAL/5_TIMER/TIMER_program.o
 .text.TIMER1_voidSetICR1
                0x0000000000000000        0x6 build/default/debug/1_MCAL/5_TIMER/TIMER_program.o
 .text.TIMER0_u8GetTimerCounterValue
                0x0000000000000000        0x4 build/default/debug/1_MCAL/5_TIMER/TIMER_program.o
 .text.TIMER1_u16GetTimerCounterValue
                0x0000000000000000        0x6 build/default/debug/1_MCAL/5_TIMER/TIMER_program.o
 .text.TIMER2_u8GetTimerCounterValue
                0x0000000000000000        0x4 build/default/debug/1_MCAL/5_TIMER/TIMER_program.o
 .text.TIMER_voidSetPWM
                0x0000000000000000        0x6 build/default/debug/1_MCAL/5_TIMER/TIMER_program.o
 .text.TIMER_voidICUInitEnable
                0x0000000000000000        0xe build/default/debug/1_MCAL/5_TIMER/TIMER_program.o
 .text.TIMER_voidICUSetTriggerEdge
                0x0000000000000000       0x20 build/default/debug/1_MCAL/5_TIMER/TIMER_program.o
 .text.TIMER_voidICUEnableInterrupt
                0x0000000000000000        0x8 build/default/debug/1_MCAL/5_TIMER/TIMER_program.o
 .text.TIMER_voidICUDisableInterrupt
                0x0000000000000000        0x8 build/default/debug/1_MCAL/5_TIMER/TIMER_program.o
 .text.TIMER_u16GetICR
                0x0000000000000000        0x6 build/default/debug/1_MCAL/5_TIMER/TIMER_program.o
 .text.TIMER_voidWDTSleep
                0x0000000000000000        0xe build/default/debug/1_MCAL/5_TIMER/TIMER_program.o
 .text.TIMER_voidWDTEnable
                0x0000000000000000        0x8 build/default/debug/1_MCAL/5_TIMER/TIMER_program.o
 .text.TIMER_voidWDTDisable
                0x0000000000000000        0xa build/default/debug/1_MCAL/5_TIMER/TIMER_program.o
 .text.TIMER_u8SetCallBack
                0x0000000000000000       0x1c build/default/debug/1_MCAL/5_TIMER/TIMER_program.o
 .text          0x0000000000000000        0x0 build/default/debug/1_MCAL/6_USART/USART_program.o
 .data          0x0000000000000000        0x0 build/default/debug/1_MCAL/6_USART/USART_program.o
 .bss           0x0000000000000000        0x0 build/default/debug/1_MCAL/6_USART/USART_program.o
 .text.USART_voidInit
                0x0000000000000000       0x1c build/default/debug/1_MCAL/6_USART/USART_program.o
 .text.USART_u8SendData
                0x0000000000000000       0x50 build/default/debug/1_MCAL/6_USART/USART_program.o
 .text.USART_u8RecevieData
                0x0000000000000000       0x56 build/default/debug/1_MCAL/6_USART/USART_program.o
 .text.USART_u8SendStringSynch
                0x0000000000000000       0x3c build/default/debug/1_MCAL/6_USART/USART_program.o
 .text.USART_u8SendStringAsynch
                0x0000000000000000       0x60 build/default/debug/1_MCAL/6_USART/USART_program.o
 .text.USART_u8ReceiveBufferSynch
                0x0000000000000000       0x6e build/default/debug/1_MCAL/6_USART/USART_program.o
 .text.USART_u8ReceiveBufferAsynch
                0x0000000000000000       0x46 build/default/debug/1_MCAL/6_USART/USART_program.o
 .text          0x0000000000000000        0x0 build/default/debug/1_MCAL/7-SPI/SPI_program.o
 .data          0x0000000000000000        0x0 build/default/debug/1_MCAL/7-SPI/SPI_program.o
 .bss           0x0000000000000000        0x0 build/default/debug/1_MCAL/7-SPI/SPI_program.o
 .text.SPI_VoidInit
                0x0000000000000000       0x14 build/default/debug/1_MCAL/7-SPI/SPI_program.o
 .text.SPI_u8InitConfig
                0x0000000000000000      0x15e build/default/debug/1_MCAL/7-SPI/SPI_program.o
 .progmem.gcc_sw_table.SPI_u8InitConfig
                0x0000000000000000        0xe build/default/debug/1_MCAL/7-SPI/SPI_program.o
 .text.SPI_u8Tranceive
                0x0000000000000000       0x54 build/default/debug/1_MCAL/7-SPI/SPI_program.o
 .text.SPI_u8BufferTranceiverSynch
                0x0000000000000000       0x5e build/default/debug/1_MCAL/7-SPI/SPI_program.o
 .text.SPI_u8BufferTranceiverAsynch
                0x0000000000000000       0x6e build/default/debug/1_MCAL/7-SPI/SPI_program.o
 .text          0x0000000000000000        0x0 build/default/debug/1_MCAL/8_TWI/TWI_program.o
 .data          0x0000000000000000        0x0 build/default/debug/1_MCAL/8_TWI/TWI_program.o
 .bss           0x0000000000000000        0x0 build/default/debug/1_MCAL/8_TWI/TWI_program.o
 .text.TWI_voidInitMaster
                0x0000000000000000       0x1c build/default/debug/1_MCAL/8_TWI/TWI_program.o
 .text.TWI_voidInitSlave
                0x0000000000000000       0x12 build/default/debug/1_MCAL/8_TWI/TWI_program.o
 .text.TWI_SendStartCondition
                0x0000000000000000       0x20 build/default/debug/1_MCAL/8_TWI/TWI_program.o
 .text.TWI_SendRepeatedStart
                0x0000000000000000       0x22 build/default/debug/1_MCAL/8_TWI/TWI_program.o
 .text.TWI_SendSlaveAddressWithWrite
                0x0000000000000000       0x28 build/default/debug/1_MCAL/8_TWI/TWI_program.o
 .text.TWI_SendSlaveAddressWithRead
                0x0000000000000000       0x28 build/default/debug/1_MCAL/8_TWI/TWI_program.o
 .text.TWI_MasterWriteDataByte
                0x0000000000000000       0x1e build/default/debug/1_MCAL/8_TWI/TWI_program.o
 .text.TWI_MasterReadDataByte
                0x0000000000000000       0x22 build/default/debug/1_MCAL/8_TWI/TWI_program.o
 .text.TWI_SlaveWriteDataByte
                0x0000000000000000       0x1e build/default/debug/1_MCAL/8_TWI/TWI_program.o
 .text.TWI_SlaveReadDataByte
                0x0000000000000000       0x3a build/default/debug/1_MCAL/8_TWI/TWI_program.o
 .text.TWI_SendStopCondition
                0x0000000000000000        0xe build/default/debug/1_MCAL/8_TWI/TWI_program.o
 .debug_info    0x0000000000000000      0x67e build/default/debug/1_MCAL/8_TWI/TWI_program.o
 .debug_abbrev  0x0000000000000000       0xf5 build/default/debug/1_MCAL/8_TWI/TWI_program.o
 .debug_loc     0x0000000000000000      0x270 build/default/debug/1_MCAL/8_TWI/TWI_program.o
 .debug_aranges
                0x0000000000000000       0x70 build/default/debug/1_MCAL/8_TWI/TWI_program.o
 .debug_ranges  0x0000000000000000       0x60 build/default/debug/1_MCAL/8_TWI/TWI_program.o
 .debug_line    0x0000000000000000      0x30c build/default/debug/1_MCAL/8_TWI/TWI_program.o
 .debug_str     0x0000000000000000       0x50 build/default/debug/1_MCAL/8_TWI/TWI_program.o
 .comment       0x0000000000000000       0x30 build/default/debug/1_MCAL/8_TWI/TWI_program.o
 .debug_frame   0x0000000000000000       0xc4 build/default/debug/1_MCAL/8_TWI/TWI_program.o
 .text          0x0000000000000000        0x0 build/default/debug/2_HAL/10_EEPROM/EEPROM_program.o
 .data          0x0000000000000000        0x0 build/default/debug/2_HAL/10_EEPROM/EEPROM_program.o
 .bss           0x0000000000000000        0x0 build/default/debug/2_HAL/10_EEPROM/EEPROM_program.o
 .text.EEPROM_voidSendDataByte
                0x0000000000000000       0x3c build/default/debug/2_HAL/10_EEPROM/EEPROM_program.o
 .text.EEPROM_u8ReadDataByte
                0x0000000000000000       0x48 build/default/debug/2_HAL/10_EEPROM/EEPROM_program.o
 .debug_info    0x0000000000000000      0x54a build/default/debug/2_HAL/10_EEPROM/EEPROM_program.o
 .debug_abbrev  0x0000000000000000      0x14b build/default/debug/2_HAL/10_EEPROM/EEPROM_program.o
 .debug_loc     0x0000000000000000      0x104 build/default/debug/2_HAL/10_EEPROM/EEPROM_program.o
 .debug_aranges
                0x0000000000000000       0x28 build/default/debug/2_HAL/10_EEPROM/EEPROM_program.o
 .debug_ranges  0x0000000000000000       0x18 build/default/debug/2_HAL/10_EEPROM/EEPROM_program.o
 .debug_line    0x0000000000000000      0x1b2 build/default/debug/2_HAL/10_EEPROM/EEPROM_program.o
 .debug_str     0x0000000000000000       0xdb build/default/debug/2_HAL/10_EEPROM/EEPROM_program.o
 .comment       0x0000000000000000       0x30 build/default/debug/2_HAL/10_EEPROM/EEPROM_program.o
 .debug_frame   0x0000000000000000       0x60 build/default/debug/2_HAL/10_EEPROM/EEPROM_program.o
 .text          0x0000000000000000        0x0 build/default/debug/2_HAL/1_LED/LED_program.o
 .data          0x0000000000000000        0x0 build/default/debug/2_HAL/1_LED/LED_program.o
 .bss           0x0000000000000000        0x0 build/default/debug/2_HAL/1_LED/LED_program.o
 .text.LED_voidInit
                0x0000000000000000        0xc build/default/debug/2_HAL/1_LED/LED_program.o
 .text.LED_voidOn
                0x0000000000000000       0x22 build/default/debug/2_HAL/1_LED/LED_program.o
 .text.LED_voidOff
                0x0000000000000000       0x22 build/default/debug/2_HAL/1_LED/LED_program.o
 .text.LED_voidToggle
                0x0000000000000000        0xa build/default/debug/2_HAL/1_LED/LED_program.o
 .debug_info    0x0000000000000000      0x435 build/default/debug/2_HAL/1_LED/LED_program.o
 .debug_abbrev  0x0000000000000000       0xb4 build/default/debug/2_HAL/1_LED/LED_program.o
 .debug_loc     0x0000000000000000       0xb8 build/default/debug/2_HAL/1_LED/LED_program.o
 .debug_aranges
                0x0000000000000000       0x38 build/default/debug/2_HAL/1_LED/LED_program.o
 .debug_ranges  0x0000000000000000       0x28 build/default/debug/2_HAL/1_LED/LED_program.o
 .debug_line    0x0000000000000000      0x120 build/default/debug/2_HAL/1_LED/LED_program.o
 .debug_str     0x0000000000000000       0x55 build/default/debug/2_HAL/1_LED/LED_program.o
 .comment       0x0000000000000000       0x30 build/default/debug/2_HAL/1_LED/LED_program.o
 .debug_frame   0x0000000000000000       0x54 build/default/debug/2_HAL/1_LED/LED_program.o
 .text          0x0000000000000000        0x0 build/default/debug/2_HAL/2_SW/SW_program.o
 .data          0x0000000000000000        0x0 build/default/debug/2_HAL/2_SW/SW_program.o
 .bss           0x0000000000000000        0x0 build/default/debug/2_HAL/2_SW/SW_program.o
 .text.SW_voidInit
                0x0000000000000000       0x2c build/default/debug/2_HAL/2_SW/SW_program.o
 .text.SW_u8GetPressed
                0x0000000000000000       0x54 build/default/debug/2_HAL/2_SW/SW_program.o
 .debug_info    0x0000000000000000      0x410 build/default/debug/2_HAL/2_SW/SW_program.o
 .debug_abbrev  0x0000000000000000       0xe3 build/default/debug/2_HAL/2_SW/SW_program.o
 .debug_loc     0x0000000000000000       0xa1 build/default/debug/2_HAL/2_SW/SW_program.o
 .debug_aranges
                0x0000000000000000       0x28 build/default/debug/2_HAL/2_SW/SW_program.o
 .debug_ranges  0x0000000000000000       0x18 build/default/debug/2_HAL/2_SW/SW_program.o
 .debug_line    0x0000000000000000      0x106 build/default/debug/2_HAL/2_SW/SW_program.o
 .debug_str     0x0000000000000000       0x4a build/default/debug/2_HAL/2_SW/SW_program.o
 .comment       0x0000000000000000       0x30 build/default/debug/2_HAL/2_SW/SW_program.o
 .debug_frame   0x0000000000000000       0x54 build/default/debug/2_HAL/2_SW/SW_program.o
 .text          0x0000000000000000        0x0 build/default/debug/2_HAL/3_BUZ/BUZ_program.o
 .data          0x0000000000000000        0x0 build/default/debug/2_HAL/3_BUZ/BUZ_program.o
 .bss           0x0000000000000000        0x0 build/default/debug/2_HAL/3_BUZ/BUZ_program.o
 .text.BUZ_voidInit
                0x0000000000000000        0xc build/default/debug/2_HAL/3_BUZ/BUZ_program.o
 .text.BUZ_voidOn
                0x0000000000000000       0x22 build/default/debug/2_HAL/3_BUZ/BUZ_program.o
 .text.BUZ_voidOff
                0x0000000000000000       0x22 build/default/debug/2_HAL/3_BUZ/BUZ_program.o
 .text.BUZ_voidToggle
                0x0000000000000000        0xa build/default/debug/2_HAL/3_BUZ/BUZ_program.o
 .debug_info    0x0000000000000000      0x435 build/default/debug/2_HAL/3_BUZ/BUZ_program.o
 .debug_abbrev  0x0000000000000000       0xb4 build/default/debug/2_HAL/3_BUZ/BUZ_program.o
 .debug_loc     0x0000000000000000       0xb8 build/default/debug/2_HAL/3_BUZ/BUZ_program.o
 .debug_aranges
                0x0000000000000000       0x38 build/default/debug/2_HAL/3_BUZ/BUZ_program.o
 .debug_ranges  0x0000000000000000       0x28 build/default/debug/2_HAL/3_BUZ/BUZ_program.o
 .debug_line    0x0000000000000000      0x120 build/default/debug/2_HAL/3_BUZ/BUZ_program.o
 .debug_str     0x0000000000000000       0x55 build/default/debug/2_HAL/3_BUZ/BUZ_program.o
 .comment       0x0000000000000000       0x30 build/default/debug/2_HAL/3_BUZ/BUZ_program.o
 .debug_frame   0x0000000000000000       0x54 build/default/debug/2_HAL/3_BUZ/BUZ_program.o
 .text          0x0000000000000000        0x0 build/default/debug/2_HAL/4_SSD/SSD_program.o
 .data          0x0000000000000000        0x0 build/default/debug/2_HAL/4_SSD/SSD_program.o
 .bss           0x0000000000000000        0x0 build/default/debug/2_HAL/4_SSD/SSD_program.o
 .text.SSD_voidInitialDataPort
                0x0000000000000000        0xa build/default/debug/2_HAL/4_SSD/SSD_program.o
 .text.SSD_voidSendNumber
                0x0000000000000000       0x2e build/default/debug/2_HAL/4_SSD/SSD_program.o
 .text.SSD_voidEnable
                0x0000000000000000       0x3c build/default/debug/2_HAL/4_SSD/SSD_program.o
 .text.SSD_voidDisable
                0x0000000000000000       0x3c build/default/debug/2_HAL/4_SSD/SSD_program.o
 .rodata.Local_u8SSDNumbers
                0x0000000000000000        0xa build/default/debug/2_HAL/4_SSD/SSD_program.o
 .debug_info    0x0000000000000000      0x566 build/default/debug/2_HAL/4_SSD/SSD_program.o
 .debug_abbrev  0x0000000000000000       0xeb build/default/debug/2_HAL/4_SSD/SSD_program.o
 .debug_loc     0x0000000000000000      0x136 build/default/debug/2_HAL/4_SSD/SSD_program.o
 .debug_aranges
                0x0000000000000000       0x38 build/default/debug/2_HAL/4_SSD/SSD_program.o
 .debug_ranges  0x0000000000000000       0x28 build/default/debug/2_HAL/4_SSD/SSD_program.o
 .debug_line    0x0000000000000000      0x156 build/default/debug/2_HAL/4_SSD/SSD_program.o
 .debug_str     0x0000000000000000       0x6c build/default/debug/2_HAL/4_SSD/SSD_program.o
 .comment       0x0000000000000000       0x30 build/default/debug/2_HAL/4_SSD/SSD_program.o
 .debug_frame   0x0000000000000000       0x6c build/default/debug/2_HAL/4_SSD/SSD_program.o
 .text          0x0000000000000000        0x0 build/default/debug/2_HAL/5_CLCD/CLCD_program.o
 .data          0x0000000000000000        0x0 build/default/debug/2_HAL/5_CLCD/CLCD_program.o
 .bss           0x0000000000000000        0x0 build/default/debug/2_HAL/5_CLCD/CLCD_program.o
 .text.CLCD_voidSendFallingEdge
                0x0000000000000000       0x2e build/default/debug/2_HAL/5_CLCD/CLCD_program.o
 .text.CLCD_voidSendData
                0x0000000000000000       0x44 build/default/debug/2_HAL/5_CLCD/CLCD_program.o
 .text.CLCD_voidSendCommand
                0x0000000000000000       0x44 build/default/debug/2_HAL/5_CLCD/CLCD_program.o
 .text.CLCD_voidSendString
                0x0000000000000000       0x40 build/default/debug/2_HAL/5_CLCD/CLCD_program.o
 .text.CLCD_voidSendNumber
                0x0000000000000000      0x200 build/default/debug/2_HAL/5_CLCD/CLCD_program.o
 .text.CLCD_voidSetPosition
                0x0000000000000000       0x3e build/default/debug/2_HAL/5_CLCD/CLCD_program.o
 .text.CLCD_voidSendExtraChar
                0x0000000000000000       0x4e build/default/debug/2_HAL/5_CLCD/CLCD_program.o
 .text.CLCD_voidClearScreen
                0x0000000000000000       0x14 build/default/debug/2_HAL/5_CLCD/CLCD_program.o
 .text.CLCD_voidInit
                0x0000000000000000       0xa6 build/default/debug/2_HAL/5_CLCD/CLCD_program.o
 .data.CLCD_u8ExtraChar
                0x0000000000000000       0x40 build/default/debug/2_HAL/5_CLCD/CLCD_program.o
 .debug_info    0x0000000000000000      0xb6a build/default/debug/2_HAL/5_CLCD/CLCD_program.o
 .debug_abbrev  0x0000000000000000      0x1ea build/default/debug/2_HAL/5_CLCD/CLCD_program.o
 .debug_loc     0x0000000000000000      0x829 build/default/debug/2_HAL/5_CLCD/CLCD_program.o
 .debug_aranges
                0x0000000000000000       0x60 build/default/debug/2_HAL/5_CLCD/CLCD_program.o
 .debug_ranges  0x0000000000000000       0x50 build/default/debug/2_HAL/5_CLCD/CLCD_program.o
 .debug_line    0x0000000000000000      0x3ac build/default/debug/2_HAL/5_CLCD/CLCD_program.o
 .debug_str     0x0000000000000000       0x6a build/default/debug/2_HAL/5_CLCD/CLCD_program.o
 .comment       0x0000000000000000       0x30 build/default/debug/2_HAL/5_CLCD/CLCD_program.o
 .debug_frame   0x0000000000000000      0x148 build/default/debug/2_HAL/5_CLCD/CLCD_program.o
 .text          0x0000000000000000        0x0 build/default/debug/2_HAL/6_KPD/KPD_program.o
 .data          0x0000000000000000        0x0 build/default/debug/2_HAL/6_KPD/KPD_program.o
 .bss           0x0000000000000000        0x0 build/default/debug/2_HAL/6_KPD/KPD_program.o
 .text          0x0000000000000000        0x0 build/default/debug/2_HAL/7_LM35/LM35_program.o
 .data          0x0000000000000000        0x0 build/default/debug/2_HAL/7_LM35/LM35_program.o
 .bss           0x0000000000000000        0x0 build/default/debug/2_HAL/7_LM35/LM35_program.o
 .text.LM35_u8GetTemp
                0x0000000000000000       0xb6 build/default/debug/2_HAL/7_LM35/LM35_program.o
 .debug_info    0x0000000000000000      0x431 build/default/debug/2_HAL/7_LM35/LM35_program.o
 .debug_abbrev  0x0000000000000000       0xd4 build/default/debug/2_HAL/7_LM35/LM35_program.o
 .debug_loc     0x0000000000000000       0xae build/default/debug/2_HAL/7_LM35/LM35_program.o
 .debug_aranges
                0x0000000000000000       0x20 build/default/debug/2_HAL/7_LM35/LM35_program.o
 .debug_ranges  0x0000000000000000       0x10 build/default/debug/2_HAL/7_LM35/LM35_program.o
 .debug_line    0x0000000000000000       0xe8 build/default/debug/2_HAL/7_LM35/LM35_program.o
 .debug_str     0x0000000000000000       0x14 build/default/debug/2_HAL/7_LM35/LM35_program.o
 .comment       0x0000000000000000       0x30 build/default/debug/2_HAL/7_LM35/LM35_program.o
 .debug_frame   0x0000000000000000       0x5c build/default/debug/2_HAL/7_LM35/LM35_program.o
 .text          0x0000000000000000        0x0 build/default/debug/3_LIB/MAPPING.o
 .data          0x0000000000000000        0x0 build/default/debug/3_LIB/MAPPING.o
 .bss           0x0000000000000000        0x0 build/default/debug/3_LIB/MAPPING.o
 .text.MAPPING_u32GetOutput
                0x0000000000000000       0x8c build/default/debug/3_LIB/MAPPING.o
 .debug_info    0x0000000000000000      0x3ad build/default/debug/3_LIB/MAPPING.o
 .debug_abbrev  0x0000000000000000       0x8d build/default/debug/3_LIB/MAPPING.o
 .debug_loc     0x0000000000000000      0x15c build/default/debug/3_LIB/MAPPING.o
 .debug_aranges
                0x0000000000000000       0x20 build/default/debug/3_LIB/MAPPING.o
 .debug_ranges  0x0000000000000000       0x10 build/default/debug/3_LIB/MAPPING.o
 .debug_line    0x0000000000000000       0x7a build/default/debug/3_LIB/MAPPING.o
 .debug_str     0x0000000000000000        0x0 build/default/debug/3_LIB/MAPPING.o
 .comment       0x0000000000000000       0x30 build/default/debug/3_LIB/MAPPING.o
 .debug_frame   0x0000000000000000       0x58 build/default/debug/3_LIB/MAPPING.o
 .text          0x0000000000000000        0x0 build/default/debug/application.o
 .data          0x0000000000000000        0x0 build/default/debug/application.o
 .bss           0x0000000000000000        0x0 build/default/debug/application.o
 .text          0x0000000000000000        0x0 c:/program files/microchip/xc8/v2.45/avr/bin/../lib/gcc/avr/5.4.0/avr5/memx-const\libgcc.a(_mulsi3.o)
 .data          0x0000000000000000        0x0 c:/program files/microchip/xc8/v2.45/avr/bin/../lib/gcc/avr/5.4.0/avr5/memx-const\libgcc.a(_mulsi3.o)
 .bss           0x0000000000000000        0x0 c:/program files/microchip/xc8/v2.45/avr/bin/../lib/gcc/avr/5.4.0/avr5/memx-const\libgcc.a(_mulsi3.o)
 .text.libgcc.mul
                0x0000000000000000       0x20 c:/program files/microchip/xc8/v2.45/avr/bin/../lib/gcc/avr/5.4.0/avr5/memx-const\libgcc.a(_mulsi3.o)
 .stack.descriptors.hdr
                0x0000000000000000        0xe c:/program files/microchip/xc8/v2.45/avr/bin/../lib/gcc/avr/5.4.0/avr5/memx-const\libgcc.a(_mulsi3.o)
 .stack.descriptors
                0x0000000000000000       0x16 c:/program files/microchip/xc8/v2.45/avr/bin/../lib/gcc/avr/5.4.0/avr5/memx-const\libgcc.a(_mulsi3.o)
 .text.libgcc.div
                0x0000000000000000        0x0 c:/program files/microchip/xc8/v2.45/avr/bin/../lib/gcc/avr/5.4.0/avr5/memx-const\libgcc.a(_mulsi3.o)
 .text.libgcc   0x0000000000000000        0x0 c:/program files/microchip/xc8/v2.45/avr/bin/../lib/gcc/avr/5.4.0/avr5/memx-const\libgcc.a(_mulsi3.o)
 .text.libgcc.prologue
                0x0000000000000000        0x0 c:/program files/microchip/xc8/v2.45/avr/bin/../lib/gcc/avr/5.4.0/avr5/memx-const\libgcc.a(_mulsi3.o)
 .text.libgcc.builtins
                0x0000000000000000        0x0 c:/program files/microchip/xc8/v2.45/avr/bin/../lib/gcc/avr/5.4.0/avr5/memx-const\libgcc.a(_mulsi3.o)
 .text.libgcc.fmul
                0x0000000000000000        0x0 c:/program files/microchip/xc8/v2.45/avr/bin/../lib/gcc/avr/5.4.0/avr5/memx-const\libgcc.a(_mulsi3.o)
 .text.libgcc.fixed
                0x0000000000000000        0x0 c:/program files/microchip/xc8/v2.45/avr/bin/../lib/gcc/avr/5.4.0/avr5/memx-const\libgcc.a(_mulsi3.o)
 .text          0x0000000000000000        0x0 c:/program files/microchip/xc8/v2.45/avr/bin/../lib/gcc/avr/5.4.0/avr5/memx-const\libgcc.a(_udivmodsi4.o)
 .data          0x0000000000000000        0x0 c:/program files/microchip/xc8/v2.45/avr/bin/../lib/gcc/avr/5.4.0/avr5/memx-const\libgcc.a(_udivmodsi4.o)
 .bss           0x0000000000000000        0x0 c:/program files/microchip/xc8/v2.45/avr/bin/../lib/gcc/avr/5.4.0/avr5/memx-const\libgcc.a(_udivmodsi4.o)
 .text.libgcc.mul
                0x0000000000000000        0x0 c:/program files/microchip/xc8/v2.45/avr/bin/../lib/gcc/avr/5.4.0/avr5/memx-const\libgcc.a(_udivmodsi4.o)
 .text.libgcc.div
                0x0000000000000000       0x44 c:/program files/microchip/xc8/v2.45/avr/bin/../lib/gcc/avr/5.4.0/avr5/memx-const\libgcc.a(_udivmodsi4.o)
 .stack.descriptors.hdr
                0x0000000000000000        0xe c:/program files/microchip/xc8/v2.45/avr/bin/../lib/gcc/avr/5.4.0/avr5/memx-const\libgcc.a(_udivmodsi4.o)
 .stack.descriptors
                0x0000000000000000       0x1a c:/program files/microchip/xc8/v2.45/avr/bin/../lib/gcc/avr/5.4.0/avr5/memx-const\libgcc.a(_udivmodsi4.o)
 .text.libgcc   0x0000000000000000        0x0 c:/program files/microchip/xc8/v2.45/avr/bin/../lib/gcc/avr/5.4.0/avr5/memx-const\libgcc.a(_udivmodsi4.o)
 .text.libgcc.prologue
                0x0000000000000000        0x0 c:/program files/microchip/xc8/v2.45/avr/bin/../lib/gcc/avr/5.4.0/avr5/memx-const\libgcc.a(_udivmodsi4.o)
 .text.libgcc.builtins
                0x0000000000000000        0x0 c:/program files/microchip/xc8/v2.45/avr/bin/../lib/gcc/avr/5.4.0/avr5/memx-const\libgcc.a(_udivmodsi4.o)
 .text.libgcc.fmul
                0x0000000000000000        0x0 c:/program files/microchip/xc8/v2.45/avr/bin/../lib/gcc/avr/5.4.0/avr5/memx-const\libgcc.a(_udivmodsi4.o)
 .text.libgcc.fixed
                0x0000000000000000        0x0 c:/program files/microchip/xc8/v2.45/avr/bin/../lib/gcc/avr/5.4.0/avr5/memx-const\libgcc.a(_udivmodsi4.o)
 .text          0x0000000000000000        0x0 c:/program files/microchip/xc8/v2.45/avr/bin/../lib/gcc/avr/5.4.0/avr5/memx-const\libgcc.a(_tablejump2.o)
 .data          0x0000000000000000        0x0 c:/program files/microchip/xc8/v2.45/avr/bin/../lib/gcc/avr/5.4.0/avr5/memx-const\libgcc.a(_tablejump2.o)
 .bss           0x0000000000000000        0x0 c:/program files/microchip/xc8/v2.45/avr/bin/../lib/gcc/avr/5.4.0/avr5/memx-const\libgcc.a(_tablejump2.o)
 .text.libgcc.mul
                0x0000000000000000        0x0 c:/program files/microchip/xc8/v2.45/avr/bin/../lib/gcc/avr/5.4.0/avr5/memx-const\libgcc.a(_tablejump2.o)
 .text.libgcc.div
                0x0000000000000000        0x0 c:/program files/microchip/xc8/v2.45/avr/bin/../lib/gcc/avr/5.4.0/avr5/memx-const\libgcc.a(_tablejump2.o)
 .text.libgcc   0x0000000000000000        0xc c:/program files/microchip/xc8/v2.45/avr/bin/../lib/gcc/avr/5.4.0/avr5/memx-const\libgcc.a(_tablejump2.o)
 .text.libgcc.prologue
                0x0000000000000000        0x0 c:/program files/microchip/xc8/v2.45/avr/bin/../lib/gcc/avr/5.4.0/avr5/memx-const\libgcc.a(_tablejump2.o)
 .stack.descriptors.hdr
                0x0000000000000000        0xe c:/program files/microchip/xc8/v2.45/avr/bin/../lib/gcc/avr/5.4.0/avr5/memx-const\libgcc.a(_tablejump2.o)
 .stack.descriptors
                0x0000000000000000       0x1c c:/program files/microchip/xc8/v2.45/avr/bin/../lib/gcc/avr/5.4.0/avr5/memx-const\libgcc.a(_tablejump2.o)
 .text.libgcc.builtins
                0x0000000000000000        0x0 c:/program files/microchip/xc8/v2.45/avr/bin/../lib/gcc/avr/5.4.0/avr5/memx-const\libgcc.a(_tablejump2.o)
 .text.libgcc.fmul
                0x0000000000000000        0x0 c:/program files/microchip/xc8/v2.45/avr/bin/../lib/gcc/avr/5.4.0/avr5/memx-const\libgcc.a(_tablejump2.o)
 .text.libgcc.fixed
                0x0000000000000000        0x0 c:/program files/microchip/xc8/v2.45/avr/bin/../lib/gcc/avr/5.4.0/avr5/memx-const\libgcc.a(_tablejump2.o)
 .text          0x0000000000000000        0x0 c:/program files/microchip/xc8/v2.45/avr/bin/../lib/gcc/avr/5.4.0/avr5/memx-const\libgcc.a(_copy_data.o)
 .data          0x0000000000000000        0x0 c:/program files/microchip/xc8/v2.45/avr/bin/../lib/gcc/avr/5.4.0/avr5/memx-const\libgcc.a(_copy_data.o)
 .bss           0x0000000000000000        0x0 c:/program files/microchip/xc8/v2.45/avr/bin/../lib/gcc/avr/5.4.0/avr5/memx-const\libgcc.a(_copy_data.o)
 .text.libgcc.mul
                0x0000000000000000        0x0 c:/program files/microchip/xc8/v2.45/avr/bin/../lib/gcc/avr/5.4.0/avr5/memx-const\libgcc.a(_copy_data.o)
 .text.libgcc.div
                0x0000000000000000        0x0 c:/program files/microchip/xc8/v2.45/avr/bin/../lib/gcc/avr/5.4.0/avr5/memx-const\libgcc.a(_copy_data.o)
 .text.libgcc   0x0000000000000000        0x0 c:/program files/microchip/xc8/v2.45/avr/bin/../lib/gcc/avr/5.4.0/avr5/memx-const\libgcc.a(_copy_data.o)
 .text.libgcc.prologue
                0x0000000000000000        0x0 c:/program files/microchip/xc8/v2.45/avr/bin/../lib/gcc/avr/5.4.0/avr5/memx-const\libgcc.a(_copy_data.o)
 .text.libgcc.builtins
                0x0000000000000000        0x0 c:/program files/microchip/xc8/v2.45/avr/bin/../lib/gcc/avr/5.4.0/avr5/memx-const\libgcc.a(_copy_data.o)
 .text.libgcc.fmul
                0x0000000000000000        0x0 c:/program files/microchip/xc8/v2.45/avr/bin/../lib/gcc/avr/5.4.0/avr5/memx-const\libgcc.a(_copy_data.o)
 .text.libgcc.fixed
                0x0000000000000000        0x0 c:/program files/microchip/xc8/v2.45/avr/bin/../lib/gcc/avr/5.4.0/avr5/memx-const\libgcc.a(_copy_data.o)
 .text          0x0000000000000000        0x0 c:/program files/microchip/xc8/v2.45/avr/bin/../lib/gcc/avr/5.4.0/avr5/memx-const\libgcc.a(_umulhisi3.o)
 .data          0x0000000000000000        0x0 c:/program files/microchip/xc8/v2.45/avr/bin/../lib/gcc/avr/5.4.0/avr5/memx-const\libgcc.a(_umulhisi3.o)
 .bss           0x0000000000000000        0x0 c:/program files/microchip/xc8/v2.45/avr/bin/../lib/gcc/avr/5.4.0/avr5/memx-const\libgcc.a(_umulhisi3.o)
 .text.libgcc.mul
                0x0000000000000000       0x1e c:/program files/microchip/xc8/v2.45/avr/bin/../lib/gcc/avr/5.4.0/avr5/memx-const\libgcc.a(_umulhisi3.o)
 .stack.descriptors.hdr
                0x0000000000000000        0xe c:/program files/microchip/xc8/v2.45/avr/bin/../lib/gcc/avr/5.4.0/avr5/memx-const\libgcc.a(_umulhisi3.o)
 .stack.descriptors
                0x0000000000000000       0x19 c:/program files/microchip/xc8/v2.45/avr/bin/../lib/gcc/avr/5.4.0/avr5/memx-const\libgcc.a(_umulhisi3.o)
 .text.libgcc.div
                0x0000000000000000        0x0 c:/program files/microchip/xc8/v2.45/avr/bin/../lib/gcc/avr/5.4.0/avr5/memx-const\libgcc.a(_umulhisi3.o)
 .text.libgcc   0x0000000000000000        0x0 c:/program files/microchip/xc8/v2.45/avr/bin/../lib/gcc/avr/5.4.0/avr5/memx-const\libgcc.a(_umulhisi3.o)
 .text.libgcc.prologue
                0x0000000000000000        0x0 c:/program files/microchip/xc8/v2.45/avr/bin/../lib/gcc/avr/5.4.0/avr5/memx-const\libgcc.a(_umulhisi3.o)
 .text.libgcc.builtins
                0x0000000000000000        0x0 c:/program files/microchip/xc8/v2.45/avr/bin/../lib/gcc/avr/5.4.0/avr5/memx-const\libgcc.a(_umulhisi3.o)
 .text.libgcc.fmul
                0x0000000000000000        0x0 c:/program files/microchip/xc8/v2.45/avr/bin/../lib/gcc/avr/5.4.0/avr5/memx-const\libgcc.a(_umulhisi3.o)
 .text.libgcc.fixed
                0x0000000000000000        0x0 c:/program files/microchip/xc8/v2.45/avr/bin/../lib/gcc/avr/5.4.0/avr5/memx-const\libgcc.a(_umulhisi3.o)
 .text          0x0000000000000000        0x0 c:/program files/microchip/xc8/v2.45/avr/bin/../lib/gcc/avr/5.4.0/avr5/memx-const\libgcc.a(_muluhisi3.o)
 .data          0x0000000000000000        0x0 c:/program files/microchip/xc8/v2.45/avr/bin/../lib/gcc/avr/5.4.0/avr5/memx-const\libgcc.a(_muluhisi3.o)
 .bss           0x0000000000000000        0x0 c:/program files/microchip/xc8/v2.45/avr/bin/../lib/gcc/avr/5.4.0/avr5/memx-const\libgcc.a(_muluhisi3.o)
 .text.libgcc.mul
                0x0000000000000000       0x16 c:/program files/microchip/xc8/v2.45/avr/bin/../lib/gcc/avr/5.4.0/avr5/memx-const\libgcc.a(_muluhisi3.o)
 .stack.descriptors.hdr
                0x0000000000000000        0xe c:/program files/microchip/xc8/v2.45/avr/bin/../lib/gcc/avr/5.4.0/avr5/memx-const\libgcc.a(_muluhisi3.o)
 .stack.descriptors
                0x0000000000000000       0x19 c:/program files/microchip/xc8/v2.45/avr/bin/../lib/gcc/avr/5.4.0/avr5/memx-const\libgcc.a(_muluhisi3.o)
 .text.libgcc.div
                0x0000000000000000        0x0 c:/program files/microchip/xc8/v2.45/avr/bin/../lib/gcc/avr/5.4.0/avr5/memx-const\libgcc.a(_muluhisi3.o)
 .text.libgcc   0x0000000000000000        0x0 c:/program files/microchip/xc8/v2.45/avr/bin/../lib/gcc/avr/5.4.0/avr5/memx-const\libgcc.a(_muluhisi3.o)
 .text.libgcc.prologue
                0x0000000000000000        0x0 c:/program files/microchip/xc8/v2.45/avr/bin/../lib/gcc/avr/5.4.0/avr5/memx-const\libgcc.a(_muluhisi3.o)
 .text.libgcc.builtins
                0x0000000000000000        0x0 c:/program files/microchip/xc8/v2.45/avr/bin/../lib/gcc/avr/5.4.0/avr5/memx-const\libgcc.a(_muluhisi3.o)
 .text.libgcc.fmul
                0x0000000000000000        0x0 c:/program files/microchip/xc8/v2.45/avr/bin/../lib/gcc/avr/5.4.0/avr5/memx-const\libgcc.a(_muluhisi3.o)
 .text.libgcc.fixed
                0x0000000000000000        0x0 c:/program files/microchip/xc8/v2.45/avr/bin/../lib/gcc/avr/5.4.0/avr5/memx-const\libgcc.a(_muluhisi3.o)
 .text          0x0000000000000000        0x0 c:/program files/microchip/xc8/v2.45/avr/bin/../lib/gcc/avr/5.4.0/avr5/memx-const\libgcc.a(_udivdi3.o)
 .data          0x0000000000000000        0x0 c:/program files/microchip/xc8/v2.45/avr/bin/../lib/gcc/avr/5.4.0/avr5/memx-const\libgcc.a(_udivdi3.o)
 .bss           0x0000000000000000        0x0 c:/program files/microchip/xc8/v2.45/avr/bin/../lib/gcc/avr/5.4.0/avr5/memx-const\libgcc.a(_udivdi3.o)
 .text.libgcc.mul
                0x0000000000000000        0x0 c:/program files/microchip/xc8/v2.45/avr/bin/../lib/gcc/avr/5.4.0/avr5/memx-const\libgcc.a(_udivdi3.o)
 .text.libgcc.div
                0x0000000000000000       0x1c c:/program files/microchip/xc8/v2.45/avr/bin/../lib/gcc/avr/5.4.0/avr5/memx-const\libgcc.a(_udivdi3.o)
 .stack.descriptors.hdr
                0x0000000000000000        0xe c:/program files/microchip/xc8/v2.45/avr/bin/../lib/gcc/avr/5.4.0/avr5/memx-const\libgcc.a(_udivdi3.o)
 .stack.descriptors
                0x0000000000000000       0x4d c:/program files/microchip/xc8/v2.45/avr/bin/../lib/gcc/avr/5.4.0/avr5/memx-const\libgcc.a(_udivdi3.o)
 .text.libgcc   0x0000000000000000        0x0 c:/program files/microchip/xc8/v2.45/avr/bin/../lib/gcc/avr/5.4.0/avr5/memx-const\libgcc.a(_udivdi3.o)
 .text.libgcc.prologue
                0x0000000000000000        0x0 c:/program files/microchip/xc8/v2.45/avr/bin/../lib/gcc/avr/5.4.0/avr5/memx-const\libgcc.a(_udivdi3.o)
 .text.libgcc.builtins
                0x0000000000000000        0x0 c:/program files/microchip/xc8/v2.45/avr/bin/../lib/gcc/avr/5.4.0/avr5/memx-const\libgcc.a(_udivdi3.o)
 .text.libgcc.fmul
                0x0000000000000000        0x0 c:/program files/microchip/xc8/v2.45/avr/bin/../lib/gcc/avr/5.4.0/avr5/memx-const\libgcc.a(_udivdi3.o)
 .text.libgcc.fixed
                0x0000000000000000        0x0 c:/program files/microchip/xc8/v2.45/avr/bin/../lib/gcc/avr/5.4.0/avr5/memx-const\libgcc.a(_udivdi3.o)
 .text          0x0000000000000000        0x0 c:/program files/microchip/xc8/v2.45/avr/bin/../lib/gcc/avr/5.4.0/avr5/memx-const\libgcc.a(_udivmod64.o)
 .data          0x0000000000000000        0x0 c:/program files/microchip/xc8/v2.45/avr/bin/../lib/gcc/avr/5.4.0/avr5/memx-const\libgcc.a(_udivmod64.o)
 .bss           0x0000000000000000        0x0 c:/program files/microchip/xc8/v2.45/avr/bin/../lib/gcc/avr/5.4.0/avr5/memx-const\libgcc.a(_udivmod64.o)
 .text.libgcc.mul
                0x0000000000000000        0x0 c:/program files/microchip/xc8/v2.45/avr/bin/../lib/gcc/avr/5.4.0/avr5/memx-const\libgcc.a(_udivmod64.o)
 .text.libgcc.div
                0x0000000000000000       0xa2 c:/program files/microchip/xc8/v2.45/avr/bin/../lib/gcc/avr/5.4.0/avr5/memx-const\libgcc.a(_udivmod64.o)
 .stack.descriptors.hdr
                0x0000000000000000        0xe c:/program files/microchip/xc8/v2.45/avr/bin/../lib/gcc/avr/5.4.0/avr5/memx-const\libgcc.a(_udivmod64.o)
 .stack.descriptors
                0x0000000000000000       0x19 c:/program files/microchip/xc8/v2.45/avr/bin/../lib/gcc/avr/5.4.0/avr5/memx-const\libgcc.a(_udivmod64.o)
 .text.libgcc   0x0000000000000000        0x0 c:/program files/microchip/xc8/v2.45/avr/bin/../lib/gcc/avr/5.4.0/avr5/memx-const\libgcc.a(_udivmod64.o)
 .text.libgcc.prologue
                0x0000000000000000        0x0 c:/program files/microchip/xc8/v2.45/avr/bin/../lib/gcc/avr/5.4.0/avr5/memx-const\libgcc.a(_udivmod64.o)
 .text.libgcc.builtins
                0x0000000000000000        0x0 c:/program files/microchip/xc8/v2.45/avr/bin/../lib/gcc/avr/5.4.0/avr5/memx-const\libgcc.a(_udivmod64.o)
 .text.libgcc.fmul
                0x0000000000000000        0x0 c:/program files/microchip/xc8/v2.45/avr/bin/../lib/gcc/avr/5.4.0/avr5/memx-const\libgcc.a(_udivmod64.o)
 .text.libgcc.fixed
                0x0000000000000000        0x0 c:/program files/microchip/xc8/v2.45/avr/bin/../lib/gcc/avr/5.4.0/avr5/memx-const\libgcc.a(_udivmod64.o)
 .text          0x0000000000000000        0x0 c:/program files/microchip/xc8/v2.45/avr/bin/../lib/gcc/avr/5.4.0/avr5/memx-const\libgcc.a(_ashldi3.o)
 .data          0x0000000000000000        0x0 c:/program files/microchip/xc8/v2.45/avr/bin/../lib/gcc/avr/5.4.0/avr5/memx-const\libgcc.a(_ashldi3.o)
 .bss           0x0000000000000000        0x0 c:/program files/microchip/xc8/v2.45/avr/bin/../lib/gcc/avr/5.4.0/avr5/memx-const\libgcc.a(_ashldi3.o)
 .text.libgcc.mul
                0x0000000000000000        0x0 c:/program files/microchip/xc8/v2.45/avr/bin/../lib/gcc/avr/5.4.0/avr5/memx-const\libgcc.a(_ashldi3.o)
 .text.libgcc.div
                0x0000000000000000        0x0 c:/program files/microchip/xc8/v2.45/avr/bin/../lib/gcc/avr/5.4.0/avr5/memx-const\libgcc.a(_ashldi3.o)
 .text.libgcc   0x0000000000000000        0x0 c:/program files/microchip/xc8/v2.45/avr/bin/../lib/gcc/avr/5.4.0/avr5/memx-const\libgcc.a(_ashldi3.o)
 .text.libgcc.prologue
                0x0000000000000000        0x0 c:/program files/microchip/xc8/v2.45/avr/bin/../lib/gcc/avr/5.4.0/avr5/memx-const\libgcc.a(_ashldi3.o)
 .text.libgcc.builtins
                0x0000000000000000       0x32 c:/program files/microchip/xc8/v2.45/avr/bin/../lib/gcc/avr/5.4.0/avr5/memx-const\libgcc.a(_ashldi3.o)
 .stack.descriptors.hdr
                0x0000000000000000        0xe c:/program files/microchip/xc8/v2.45/avr/bin/../lib/gcc/avr/5.4.0/avr5/memx-const\libgcc.a(_ashldi3.o)
 .stack.descriptors
                0x0000000000000000       0x17 c:/program files/microchip/xc8/v2.45/avr/bin/../lib/gcc/avr/5.4.0/avr5/memx-const\libgcc.a(_ashldi3.o)
 .text.libgcc.fmul
                0x0000000000000000        0x0 c:/program files/microchip/xc8/v2.45/avr/bin/../lib/gcc/avr/5.4.0/avr5/memx-const\libgcc.a(_ashldi3.o)
 .text.libgcc.fixed
                0x0000000000000000        0x0 c:/program files/microchip/xc8/v2.45/avr/bin/../lib/gcc/avr/5.4.0/avr5/memx-const\libgcc.a(_ashldi3.o)
 .text          0x0000000000000000        0x0 c:/program files/microchip/xc8/v2.45/avr/bin/../lib/gcc/avr/5.4.0/avr5/memx-const\libgcc.a(_adddi3.o)
 .data          0x0000000000000000        0x0 c:/program files/microchip/xc8/v2.45/avr/bin/../lib/gcc/avr/5.4.0/avr5/memx-const\libgcc.a(_adddi3.o)
 .bss           0x0000000000000000        0x0 c:/program files/microchip/xc8/v2.45/avr/bin/../lib/gcc/avr/5.4.0/avr5/memx-const\libgcc.a(_adddi3.o)
 .text.libgcc.mul
                0x0000000000000000        0x0 c:/program files/microchip/xc8/v2.45/avr/bin/../lib/gcc/avr/5.4.0/avr5/memx-const\libgcc.a(_adddi3.o)
 .text.libgcc.div
                0x0000000000000000        0x0 c:/program files/microchip/xc8/v2.45/avr/bin/../lib/gcc/avr/5.4.0/avr5/memx-const\libgcc.a(_adddi3.o)
 .text.libgcc   0x0000000000000000       0x12 c:/program files/microchip/xc8/v2.45/avr/bin/../lib/gcc/avr/5.4.0/avr5/memx-const\libgcc.a(_adddi3.o)
 .stack.descriptors.hdr
                0x0000000000000000        0xe c:/program files/microchip/xc8/v2.45/avr/bin/../lib/gcc/avr/5.4.0/avr5/memx-const\libgcc.a(_adddi3.o)
 .stack.descriptors
                0x0000000000000000       0x16 c:/program files/microchip/xc8/v2.45/avr/bin/../lib/gcc/avr/5.4.0/avr5/memx-const\libgcc.a(_adddi3.o)
 .text.libgcc.prologue
                0x0000000000000000        0x0 c:/program files/microchip/xc8/v2.45/avr/bin/../lib/gcc/avr/5.4.0/avr5/memx-const\libgcc.a(_adddi3.o)
 .text.libgcc.builtins
                0x0000000000000000        0x0 c:/program files/microchip/xc8/v2.45/avr/bin/../lib/gcc/avr/5.4.0/avr5/memx-const\libgcc.a(_adddi3.o)
 .text.libgcc.fmul
                0x0000000000000000        0x0 c:/program files/microchip/xc8/v2.45/avr/bin/../lib/gcc/avr/5.4.0/avr5/memx-const\libgcc.a(_adddi3.o)
 .text.libgcc.fixed
                0x0000000000000000        0x0 c:/program files/microchip/xc8/v2.45/avr/bin/../lib/gcc/avr/5.4.0/avr5/memx-const\libgcc.a(_adddi3.o)
 .text          0x0000000000000000        0x0 c:/program files/microchip/xc8/v2.45/avr/bin/../lib/gcc/avr/5.4.0/avr5/memx-const\libgcc.a(_cmpdi2_s8.o)
 .data          0x0000000000000000        0x0 c:/program files/microchip/xc8/v2.45/avr/bin/../lib/gcc/avr/5.4.0/avr5/memx-const\libgcc.a(_cmpdi2_s8.o)
 .bss           0x0000000000000000        0x0 c:/program files/microchip/xc8/v2.45/avr/bin/../lib/gcc/avr/5.4.0/avr5/memx-const\libgcc.a(_cmpdi2_s8.o)
 .text.libgcc.mul
                0x0000000000000000        0x0 c:/program files/microchip/xc8/v2.45/avr/bin/../lib/gcc/avr/5.4.0/avr5/memx-const\libgcc.a(_cmpdi2_s8.o)
 .text.libgcc.div
                0x0000000000000000        0x0 c:/program files/microchip/xc8/v2.45/avr/bin/../lib/gcc/avr/5.4.0/avr5/memx-const\libgcc.a(_cmpdi2_s8.o)
 .text.libgcc   0x0000000000000000       0x18 c:/program files/microchip/xc8/v2.45/avr/bin/../lib/gcc/avr/5.4.0/avr5/memx-const\libgcc.a(_cmpdi2_s8.o)
 .stack.descriptors.hdr
                0x0000000000000000        0xe c:/program files/microchip/xc8/v2.45/avr/bin/../lib/gcc/avr/5.4.0/avr5/memx-const\libgcc.a(_cmpdi2_s8.o)
 .stack.descriptors
                0x0000000000000000       0x19 c:/program files/microchip/xc8/v2.45/avr/bin/../lib/gcc/avr/5.4.0/avr5/memx-const\libgcc.a(_cmpdi2_s8.o)
 .text.libgcc.prologue
                0x0000000000000000        0x0 c:/program files/microchip/xc8/v2.45/avr/bin/../lib/gcc/avr/5.4.0/avr5/memx-const\libgcc.a(_cmpdi2_s8.o)
 .text.libgcc.builtins
                0x0000000000000000        0x0 c:/program files/microchip/xc8/v2.45/avr/bin/../lib/gcc/avr/5.4.0/avr5/memx-const\libgcc.a(_cmpdi2_s8.o)
 .text.libgcc.fmul
                0x0000000000000000        0x0 c:/program files/microchip/xc8/v2.45/avr/bin/../lib/gcc/avr/5.4.0/avr5/memx-const\libgcc.a(_cmpdi2_s8.o)
 .text.libgcc.fixed
                0x0000000000000000        0x0 c:/program files/microchip/xc8/v2.45/avr/bin/../lib/gcc/avr/5.4.0/avr5/memx-const\libgcc.a(_cmpdi2_s8.o)
 .text          0x0000000000000000        0x0 c:/program files/microchip/xc8/v2.45/avr/bin/../lib/gcc/avr/5.4.0/../../../../avr/lib/avr5/memx-const\libc.a(exit.o)
 .data          0x0000000000000000        0x0 c:/program files/microchip/xc8/v2.45/avr/bin/../lib/gcc/avr/5.4.0/../../../../avr/lib/avr5/memx-const\libc.a(exit.o)
 .bss           0x0000000000000000        0x0 c:/program files/microchip/xc8/v2.45/avr/bin/../lib/gcc/avr/5.4.0/../../../../avr/lib/avr5/memx-const\libc.a(exit.o)
 .stack.descriptors
                0x0000000000000000       0x73 c:/program files/microchip/xc8/v2.45/avr/bin/../lib/gcc/avr/5.4.0/../../../../avr/lib/avr5/memx-const\libc.a(exit.o)
 .text          0x0000000000000000        0x0 c:/program files/microchip/xc8/v2.45/avr/bin/../lib/gcc/avr/5.4.0/../../../../avr/lib/avr5/memx-const\libc.a(_Exit.o)
 .data          0x0000000000000000        0x0 c:/program files/microchip/xc8/v2.45/avr/bin/../lib/gcc/avr/5.4.0/../../../../avr/lib/avr5/memx-const\libc.a(_Exit.o)
 .bss           0x0000000000000000        0x0 c:/program files/microchip/xc8/v2.45/avr/bin/../lib/gcc/avr/5.4.0/../../../../avr/lib/avr5/memx-const\libc.a(_Exit.o)
 .stack.descriptors
                0x0000000000000000       0x13 c:/program files/microchip/xc8/v2.45/avr/bin/../lib/gcc/avr/5.4.0/../../../../avr/lib/avr5/memx-const\libc.a(_Exit.o)
 .text          0x0000000000000000        0x0 c:/program files/microchip/xc8/v2.45/avr/bin/../lib/gcc/avr/5.4.0/avr5/memx-const\libgcc.a(_exit.o)
 .data          0x0000000000000000        0x0 c:/program files/microchip/xc8/v2.45/avr/bin/../lib/gcc/avr/5.4.0/avr5/memx-const\libgcc.a(_exit.o)
 .bss           0x0000000000000000        0x0 c:/program files/microchip/xc8/v2.45/avr/bin/../lib/gcc/avr/5.4.0/avr5/memx-const\libgcc.a(_exit.o)
 .text.libgcc.mul
                0x0000000000000000        0x0 c:/program files/microchip/xc8/v2.45/avr/bin/../lib/gcc/avr/5.4.0/avr5/memx-const\libgcc.a(_exit.o)
 .text.libgcc.div
                0x0000000000000000        0x0 c:/program files/microchip/xc8/v2.45/avr/bin/../lib/gcc/avr/5.4.0/avr5/memx-const\libgcc.a(_exit.o)
 .text.libgcc   0x0000000000000000        0x0 c:/program files/microchip/xc8/v2.45/avr/bin/../lib/gcc/avr/5.4.0/avr5/memx-const\libgcc.a(_exit.o)
 .text.libgcc.prologue
                0x0000000000000000        0x0 c:/program files/microchip/xc8/v2.45/avr/bin/../lib/gcc/avr/5.4.0/avr5/memx-const\libgcc.a(_exit.o)
 .stack.descriptors
                0x0000000000000000       0x13 c:/program files/microchip/xc8/v2.45/avr/bin/../lib/gcc/avr/5.4.0/avr5/memx-const\libgcc.a(_exit.o)
 .text.libgcc.builtins
                0x0000000000000000        0x0 c:/program files/microchip/xc8/v2.45/avr/bin/../lib/gcc/avr/5.4.0/avr5/memx-const\libgcc.a(_exit.o)
 .text.libgcc.fmul
                0x0000000000000000        0x0 c:/program files/microchip/xc8/v2.45/avr/bin/../lib/gcc/avr/5.4.0/avr5/memx-const\libgcc.a(_exit.o)
 .text.libgcc.fixed
                0x0000000000000000        0x0 c:/program files/microchip/xc8/v2.45/avr/bin/../lib/gcc/avr/5.4.0/avr5/memx-const\libgcc.a(_exit.o)

Memory Configuration

Name             Origin             Length             Attributes
text             0x0000000000000000 0x0000000000008000 xr
data             0x0000000000800060 0x0000000000000800 rw !x
eeprom           0x0000000000810000 0x0000000000000400 rw !x
fuse             0x0000000000820000 0x0000000000000002 rw !x
lock             0x0000000000830000 0x0000000000000400 rw !x
signature        0x0000000000840000 0x0000000000000400 rw !x
user_signatures  0x0000000000850000 0x0000000000000400 rw !x
bootrow          0x0000000000860000 0x0000000000000400 rw !x
*default*        0x0000000000000000 0xffffffffffffffff

Linker script and memory map

LOAD C:/Program Files/Microchip/MPLABX/v6.15/packs/Microchip/ATmega_DFP/3.0.158/xc8/avr/lib/avr5/memx-const/crtatmega32.o
                0x0000000000000001                __MPLAB_BUILD = 0x1
LOAD build/default/debug/1_MCAL/0_PORT/PORT_program.o
LOAD build/default/debug/1_MCAL/1_DIO/DIO_program.o
LOAD build/default/debug/1_MCAL/2_EXIT/EXTI_program.o
LOAD build/default/debug/1_MCAL/3GIE/GIE_program.o
LOAD build/default/debug/1_MCAL/4_ADC/ADC_program.o
LOAD build/default/debug/1_MCAL/5_TIMER/TIMER_program.o
LOAD build/default/debug/1_MCAL/6_USART/USART_program.o
LOAD build/default/debug/1_MCAL/7-SPI/SPI_program.o
LOAD build/default/debug/1_MCAL/8_TWI/TWI_program.o
LOAD build/default/debug/2_HAL/10_EEPROM/EEPROM_program.o
LOAD build/default/debug/2_HAL/1_LED/LED_program.o
LOAD build/default/debug/2_HAL/2_SW/SW_program.o
LOAD build/default/debug/2_HAL/3_BUZ/BUZ_program.o
LOAD build/default/debug/2_HAL/4_SSD/SSD_program.o
LOAD build/default/debug/2_HAL/5_CLCD/CLCD_program.o
LOAD build/default/debug/2_HAL/6_KPD/KPD_program.o
LOAD build/default/debug/2_HAL/7_LM35/LM35_program.o
LOAD build/default/debug/3_LIB/MAPPING.o
LOAD build/default/debug/application.o
START GROUP
LOAD c:/program files/microchip/xc8/v2.45/avr/bin/../lib/gcc/avr/5.4.0/../../../../avr/lib/avr5/memx-const\libm.a
END GROUP
                0x0000000000000001                __MPLAB_DEBUG = 0x1
                0x0000000000000001                __DEBUG = 0x1
                0x0000000000000001                __MPLAB_DEBUGGER_SIMULATOR = 0x1
START GROUP
LOAD c:/program files/microchip/xc8/v2.45/avr/bin/../lib/gcc/avr/5.4.0/avr5/memx-const\libgcc.a
LOAD c:/program files/microchip/xc8/v2.45/avr/bin/../lib/gcc/avr/5.4.0/../../../../avr/lib/avr5/memx-const\libm.a
LOAD c:/program files/microchip/xc8/v2.45/avr/bin/../lib/gcc/avr/5.4.0/../../../../avr/lib/avr5/memx-const\libc.a
LOAD C:/Program Files/Microchip/MPLABX/v6.15/packs/Microchip/ATmega_DFP/3.0.158/xc8/avr/lib/avr5/memx-const\libatmega32.a
END GROUP
                0x0000000000000000                __TEXT_REGION_ORIGIN__ = DEFINED (__TEXT_REGION_ORIGIN__)?__TEXT_REGION_ORIGIN__:0x0
                [0x0000000000800060]                __DATA_REGION_ORIGIN__ = DEFINED (__DATA_REGION_ORIGIN__)?__DATA_REGION_ORIGIN__:0x800060
                [0x0000000000008000]                __TEXT_REGION_LENGTH__ = DEFINED (__TEXT_REGION_LENGTH__)?__TEXT_REGION_LENGTH__:0x20000
                [0x0000000000000800]                __DATA_REGION_LENGTH__ = DEFINED (__DATA_REGION_LENGTH__)?__DATA_REGION_LENGTH__:0xffa0
                [0x0000000000000400]                __EEPROM_REGION_LENGTH__ = DEFINED (__EEPROM_REGION_LENGTH__)?__EEPROM_REGION_LENGTH__:0x10000
                [0x0000000000000002]                __FUSE_REGION_LENGTH__ = DEFINED (__FUSE_REGION_LENGTH__)?__FUSE_REGION_LENGTH__:0x400
                0x0000000000000400                __LOCK_REGION_LENGTH__ = DEFINED (__LOCK_REGION_LENGTH__)?__LOCK_REGION_LENGTH__:0x400
                0x0000000000000400                __SIGNATURE_REGION_LENGTH__ = DEFINED (__SIGNATURE_REGION_LENGTH__)?__SIGNATURE_REGION_LENGTH__:0x400
                0x0000000000000400                __USER_SIGNATURE_REGION_LENGTH__ = DEFINED (__USER_SIGNATURE_REGION_LENGTH__)?__USER_SIGNATURE_REGION_LENGTH__:0x400
                0x0000000000000400                __BOOTROW_REGION_LENGTH__ = DEFINED (__BOOTROW_REGION_LENGTH__)?__BOOTROW_REGION_LENGTH__:0x400

.hash
 *(.hash)

.dynsym
 *(.dynsym)

.dynstr
 *(.dynstr)

.gnu.version
 *(.gnu.version)

.gnu.version_d
 *(.gnu.version_d)

.gnu.version_r
 *(.gnu.version_r)

.rel.init
 *(.rel.init)

.rela.init
 *(.rela.init)

.rel.text
 *(.rel.text)
 *(.rel.text.*)
 *(.rel.gnu.linkonce.t*)

.rela.text
 *(.rela.text)
 *(.rela.text.*)
 *(.rela.gnu.linkonce.t*)

.rel.fini
 *(.rel.fini)

.rela.fini
 *(.rela.fini)

.rel.rodata
 *(.rel.rodata)
 *(.rel.rodata.*)
 *(.rel.gnu.linkonce.r*)

.rela.rodata
 *(.rela.rodata)
 *(.rela.rodata.*)
 *(.rela.gnu.linkonce.r*)

.rel.data
 *(.rel.data)
 *(.rel.data.*)
 *(.rel.gnu.linkonce.d*)

.rela.data
 *(.rela.data)
 *(.rela.data.*)
 *(.rela.gnu.linkonce.d*)

.rel.ctors
 *(.rel.ctors)

.rela.ctors
 *(.rela.ctors)

.rel.dtors
 *(.rel.dtors)

.rela.dtors
 *(.rela.dtors)

.rel.got
 *(.rel.got)

.rela.got
 *(.rela.got)

.rel.bss
 *(.rel.bss)

.rela.bss
 *(.rela.bss)

.rel.plt
 *(.rel.plt)

.rela.plt
 *(.rela.plt)

.text           0x0000000000000000       0xba
 *(.vectors)
 .vectors       0x0000000000000000       0x54 C:/Program Files/Microchip/MPLABX/v6.15/packs/Microchip/ATmega_DFP/3.0.158/xc8/avr/lib/avr5/memx-const/crtatmega32.o
                0x0000000000000000                __vector_default
                0x0000000000000000                __vectors
 *(.vectors)
 *(.progmem.gcc*)
 *(.dinit)
 .dinit         0x0000000000000054       0x11 data_init
                0x0000000000000066                . = ALIGN (0x2)
 *fill*         0x0000000000000065        0x1 
                0x0000000000000066                __trampolines_start = .
 *(.trampolines)
 .trampolines   0x0000000000000066        0x0 linker stubs
 *(.trampolines*)
                0x0000000000000066                __trampolines_end = .
 *libprintf_flt.a:*(.progmem.data)
 *libc.a:*(.progmem.data)
                0x0000000000000066                . = ALIGN (0x2)
 *(.jumptables)
 *(.jumptables*)
 *(.lowtext)
 *(.lowtext*)
                0x0000000000000066                __ctors_start = .
 *(.ctors)
                0x0000000000000066                __ctors_end = .
                0x0000000000000066                __dtors_start = .
 *(.dtors)
                0x0000000000000066                __dtors_end = .
 SORT(*)(.ctors)
 SORT(*)(.dtors)
 *(.init0)
 .init0         0x0000000000000066        0x0 C:/Program Files/Microchip/MPLABX/v6.15/packs/Microchip/ATmega_DFP/3.0.158/xc8/avr/lib/avr5/memx-const/crtatmega32.o
                0x0000000000000066                __init
 *(.init0)
 *(.init1)
 *(.init1)
 *(.init2)
 .init2         0x0000000000000066        0xc C:/Program Files/Microchip/MPLABX/v6.15/packs/Microchip/ATmega_DFP/3.0.158/xc8/avr/lib/avr5/memx-const/crtatmega32.o
 *(.init2)
 *(.init3)
 *(.init3)
 *(.init4)
 .init4         0x0000000000000072       0x3c c:/program files/microchip/xc8/v2.45/avr/bin/../lib/gcc/avr/5.4.0/avr5/memx-const\libgcc.a(_copy_data.o)
                0x0000000000000072                __do_copy_data
                0x00000000000000a0                __do_clear_bss
 *(.init4)
 *(.init5)
 *(.init5)
 *(.init6)
 *(.init6)
 *(.init7)
 *(.init7)
 *(.init8)
 *(.init8)
 *(.init9)
 .init9         0x00000000000000ae        0x8 C:/Program Files/Microchip/MPLABX/v6.15/packs/Microchip/ATmega_DFP/3.0.158/xc8/avr/lib/avr5/memx-const/crtatmega32.o
 *(.init9)
                0x00000000000000b6                . = ALIGN (0x2)
 *(.fini9)
 .fini9         0x00000000000000b6        0x0 c:/program files/microchip/xc8/v2.45/avr/bin/../lib/gcc/avr/5.4.0/avr5/memx-const\libgcc.a(_exit.o)
                0x00000000000000b6                _exit
 *(.fini9)
 *(.fini8)
 *(.fini8)
 *(.fini7)
 *(.fini7)
 *(.fini6)
 *(.fini6)
 *(.fini5)
 *(.fini5)
 *(.fini4)
 *(.fini4)
 *(.fini3)
 *(.fini3)
 *(.fini2)
 *(.fini2)
 *(.fini1)
 *(.fini1)
 *(.fini0)
 .fini0         0x00000000000000b6        0x4 c:/program files/microchip/xc8/v2.45/avr/bin/../lib/gcc/avr/5.4.0/avr5/memx-const\libgcc.a(_exit.o)
 *(.fini0)
                0x00000000000000ba                _etext = .

.data           0x0000000000800060        0x0 load address 0x00000000000000ba
                [!provide]                        PROVIDE (__data_start, .)
 *(.gnu.linkonce.d*)
 *(.gnu.linkonce.r*)
                0x0000000000800060                . = ALIGN (0x2)
                0x0000000000800060                _edata = .
                [!provide]                        PROVIDE (__data_end, .)

.bss            0x0000000000800060        0x0
                [!provide]                        PROVIDE (__bss_start, .)
 *(COMMON)
                [!provide]                        PROVIDE (__bss_end, .)
                0x00000000000000ba                __data_load_start = LOADADDR (.data)
                0x00000000000000ba                __data_load_end = (__data_load_start + SIZEOF (.data))

.noinit         0x0000000000800060        0x0
                [!provide]                        PROVIDE (__noinit_start, .)
 *(.noinit*)
                [!provide]                        PROVIDE (__noinit_end, .)
                0x0000000000800060                _end = .

.eeprom         0x0000000000810000        0x0
 *(.eeprom*)
                0x0000000000810000                __eeprom_end = .

.fuse
 *(.fuse)
 *(.lfuse)
 *(.hfuse)
 *(.efuse)

.lock
 *(.lock*)

.signature
 *(.signature*)

.user_signatures
 *(.user_signatures*)

.bootrow
 *(.bootrow*)

.stab
 *(.stab)

.stabstr
 *(.stabstr)

.stab.excl
 *(.stab.excl)

.stab.exclstr
 *(.stab.exclstr)

.stab.index
 *(.stab.index)

.stab.indexstr
 *(.stab.indexstr)

.comment        0x0000000000000000       0x5b
 *(.comment)
 .comment       0x0000000000000000       0x2f build/default/debug/1_MCAL/1_DIO/DIO_program.o
                                         0x30 (size before relaxing)
 .comment       0x000000000000002f       0x30 build/default/debug/1_MCAL/2_EXIT/EXTI_program.o
 .comment       0x000000000000002f       0x30 build/default/debug/1_MCAL/4_ADC/ADC_program.o
 .comment       0x000000000000002f       0x30 build/default/debug/1_MCAL/5_TIMER/TIMER_program.o
 .comment       0x000000000000002f       0x30 build/default/debug/1_MCAL/6_USART/USART_program.o
 .comment       0x000000000000002f       0x30 build/default/debug/1_MCAL/7-SPI/SPI_program.o
 .comment       0x000000000000002f       0x30 build/default/debug/2_HAL/6_KPD/KPD_program.o
 .comment       0x000000000000002f       0x30 build/default/debug/application.o
 .comment       0x000000000000002f       0x2c c:/program files/microchip/xc8/v2.45/avr/bin/../lib/gcc/avr/5.4.0/../../../../avr/lib/avr5/memx-const\libc.a(exit.o)
                                         0x2d (size before relaxing)
 .comment       0x000000000000005b       0x2d c:/program files/microchip/xc8/v2.45/avr/bin/../lib/gcc/avr/5.4.0/../../../../avr/lib/avr5/memx-const\libc.a(_Exit.o)

.stack.descriptors.hdr
                0x0000000000000000       0x2a
 .stack.descriptors.hdr
                0x0000000000000000        0xe c:/program files/microchip/xc8/v2.45/avr/bin/../lib/gcc/avr/5.4.0/../../../../avr/lib/avr5/memx-const\libc.a(exit.o)
 .stack.descriptors.hdr
                0x000000000000000e        0xe c:/program files/microchip/xc8/v2.45/avr/bin/../lib/gcc/avr/5.4.0/../../../../avr/lib/avr5/memx-const\libc.a(_Exit.o)
 .stack.descriptors.hdr
                0x000000000000001c        0xe c:/program files/microchip/xc8/v2.45/avr/bin/../lib/gcc/avr/5.4.0/avr5/memx-const\libgcc.a(_exit.o)

.note.GNU-stack
                0x0000000000000000        0x0
 .note.GNU-stack
                0x0000000000000000        0x0 c:/program files/microchip/xc8/v2.45/avr/bin/../lib/gcc/avr/5.4.0/../../../../avr/lib/avr5/memx-const\libc.a(exit.o)
 .note.GNU-stack
                0x0000000000000000        0x0 c:/program files/microchip/xc8/v2.45/avr/bin/../lib/gcc/avr/5.4.0/../../../../avr/lib/avr5/memx-const\libc.a(_Exit.o)

.note.gnu.build-id
 *(.note.gnu.build-id)

.debug
 *(.debug)

.line
 *(.line)

.debug_srcinfo
 *(.debug_srcinfo)

.debug_sfnames
 *(.debug_sfnames)

.debug_aranges  0x0000000000000000      0x348
 *(.debug_aranges)
 .debug_aranges
                0x0000000000000000       0x70 build/default/debug/1_MCAL/1_DIO/DIO_program.o
 .debug_aranges
                0x0000000000000070       0x68 build/default/debug/1_MCAL/2_EXIT/EXTI_program.o
 .debug_aranges
                0x00000000000000d8       0x68 build/default/debug/1_MCAL/4_ADC/ADC_program.o
 .debug_aranges
                0x0000000000000140      0x118 build/default/debug/1_MCAL/5_TIMER/TIMER_program.o
 .debug_aranges
                0x0000000000000258       0x60 build/default/debug/1_MCAL/6_USART/USART_program.o
 .debug_aranges
                0x00000000000002b8       0x48 build/default/debug/1_MCAL/7-SPI/SPI_program.o
 .debug_aranges
                0x0000000000000300       0x28 build/default/debug/2_HAL/6_KPD/KPD_program.o
 .debug_aranges
                0x0000000000000328       0x20 build/default/debug/application.o

.debug_pubnames
 *(.debug_pubnames)

.debug_info     0x0000000000000000     0x381b
 *(.debug_info .gnu.linkonce.wi.*)
 .debug_info    0x0000000000000000      0x4e6 C:/Program Files/Microchip/MPLABX/v6.15/packs/Microchip/ATmega_DFP/3.0.158/xc8/avr/lib/avr5/memx-const/crtatmega32.o
 .debug_info    0x00000000000004e6      0x724 build/default/debug/1_MCAL/1_DIO/DIO_program.o
 .debug_info    0x0000000000000c0a      0x553 build/default/debug/1_MCAL/2_EXIT/EXTI_program.o
 .debug_info    0x000000000000115d      0x690 build/default/debug/1_MCAL/4_ADC/ADC_program.o
 .debug_info    0x00000000000017ed      0x924 build/default/debug/1_MCAL/5_TIMER/TIMER_program.o
 .debug_info    0x0000000000002111      0x6d4 build/default/debug/1_MCAL/6_USART/USART_program.o
 .debug_info    0x00000000000027e5      0x6b0 build/default/debug/1_MCAL/7-SPI/SPI_program.o
 .debug_info    0x0000000000002e95      0x681 build/default/debug/2_HAL/6_KPD/KPD_program.o
 .debug_info    0x0000000000003516      0x305 build/default/debug/application.o

.debug_abbrev   0x0000000000000000      0xdad
 *(.debug_abbrev)
 .debug_abbrev  0x0000000000000000      0x4a3 C:/Program Files/Microchip/MPLABX/v6.15/packs/Microchip/ATmega_DFP/3.0.158/xc8/avr/lib/avr5/memx-const/crtatmega32.o
 .debug_abbrev  0x00000000000004a3      0x10a build/default/debug/1_MCAL/1_DIO/DIO_program.o
 .debug_abbrev  0x00000000000005ad      0x12b build/default/debug/1_MCAL/2_EXIT/EXTI_program.o
 .debug_abbrev  0x00000000000006d8      0x11e build/default/debug/1_MCAL/4_ADC/ADC_program.o
 .debug_abbrev  0x00000000000007f6      0x133 build/default/debug/1_MCAL/5_TIMER/TIMER_program.o
 .debug_abbrev  0x0000000000000929      0x154 build/default/debug/1_MCAL/6_USART/USART_program.o
 .debug_abbrev  0x0000000000000a7d      0x160 build/default/debug/1_MCAL/7-SPI/SPI_program.o
 .debug_abbrev  0x0000000000000bdd      0x150 build/default/debug/2_HAL/6_KPD/KPD_program.o
 .debug_abbrev  0x0000000000000d2d       0x80 build/default/debug/application.o

.debug_line     0x0000000000000000     0x1c27
 *(.debug_line .debug_line.* .debug_line_end)
 .debug_line    0x0000000000000000      0x119 C:/Program Files/Microchip/MPLABX/v6.15/packs/Microchip/ATmega_DFP/3.0.158/xc8/avr/lib/avr5/memx-const/crtatmega32.o
 .debug_line    0x0000000000000119      0x728 build/default/debug/1_MCAL/1_DIO/DIO_program.o
 .debug_line    0x0000000000000841      0x1f0 build/default/debug/1_MCAL/2_EXIT/EXTI_program.o
 .debug_line    0x0000000000000a31      0x334 build/default/debug/1_MCAL/4_ADC/ADC_program.o
 .debug_line    0x0000000000000d65      0x4b5 build/default/debug/1_MCAL/5_TIMER/TIMER_program.o
 .debug_line    0x000000000000121a      0x356 build/default/debug/1_MCAL/6_USART/USART_program.o
 .debug_line    0x0000000000001570      0x40a build/default/debug/1_MCAL/7-SPI/SPI_program.o
 .debug_line    0x000000000000197a      0x20a build/default/debug/2_HAL/6_KPD/KPD_program.o
 .debug_line    0x0000000000001b84       0xa3 build/default/debug/application.o

.debug_frame    0x0000000000000000      0xa88
 *(.debug_frame)
 .debug_frame   0x0000000000000000       0xc4 build/default/debug/1_MCAL/1_DIO/DIO_program.o
 .debug_frame   0x00000000000000c4      0x18c build/default/debug/1_MCAL/2_EXIT/EXTI_program.o
 .debug_frame   0x0000000000000250       0xfc build/default/debug/1_MCAL/4_ADC/ADC_program.o
 .debug_frame   0x000000000000034c      0x454 build/default/debug/1_MCAL/5_TIMER/TIMER_program.o
 .debug_frame   0x00000000000007a0      0x188 build/default/debug/1_MCAL/6_USART/USART_program.o
 .debug_frame   0x0000000000000928       0xdc build/default/debug/1_MCAL/7-SPI/SPI_program.o
 .debug_frame   0x0000000000000a04       0x60 build/default/debug/2_HAL/6_KPD/KPD_program.o
 .debug_frame   0x0000000000000a64       0x24 build/default/debug/application.o

.debug_str      0x0000000000000000      0x37a
 *(.debug_str)
 .debug_str     0x0000000000000000      0x196 C:/Program Files/Microchip/MPLABX/v6.15/packs/Microchip/ATmega_DFP/3.0.158/xc8/avr/lib/avr5/memx-const/crtatmega32.o
 .debug_str     0x0000000000000196       0x5d build/default/debug/1_MCAL/1_DIO/DIO_program.o
 .debug_str     0x00000000000001f3       0x1f build/default/debug/1_MCAL/2_EXIT/EXTI_program.o
 .debug_str     0x0000000000000212       0x32 build/default/debug/1_MCAL/4_ADC/ADC_program.o
 .debug_str     0x0000000000000244       0x1a build/default/debug/1_MCAL/5_TIMER/TIMER_program.o
 .debug_str     0x000000000000025e       0x6d build/default/debug/1_MCAL/6_USART/USART_program.o
 .debug_str     0x00000000000002cb       0x3f build/default/debug/1_MCAL/7-SPI/SPI_program.o
 .debug_str     0x000000000000030a       0x56 build/default/debug/2_HAL/6_KPD/KPD_program.o
 .debug_str     0x0000000000000360       0x1a build/default/debug/application.o

.debug_loc      0x0000000000000000     0x1935
 *(.debug_loc)
 .debug_loc     0x0000000000000000      0xb81 build/default/debug/1_MCAL/1_DIO/DIO_program.o
 .debug_loc     0x0000000000000b81      0x1fd build/default/debug/1_MCAL/2_EXIT/EXTI_program.o
 .debug_loc     0x0000000000000d7e      0x288 build/default/debug/1_MCAL/4_ADC/ADC_program.o
 .debug_loc     0x0000000000001006       0xd3 build/default/debug/1_MCAL/5_TIMER/TIMER_program.o
 .debug_loc     0x00000000000010d9      0x412 build/default/debug/1_MCAL/6_USART/USART_program.o
 .debug_loc     0x00000000000014eb      0x39b build/default/debug/1_MCAL/7-SPI/SPI_program.o
 .debug_loc     0x0000000000001886       0xaf build/default/debug/2_HAL/6_KPD/KPD_program.o

.debug_macinfo
 *(.debug_macinfo)

.debug_weaknames
 *(.debug_weaknames)

.debug_funcnames
 *(.debug_funcnames)

.debug_typenames
 *(.debug_typenames)

.debug_varnames
 *(.debug_varnames)

.debug_pubtypes
 *(.debug_pubtypes)

.debug_ranges   0x0000000000000000      0x2c8
 *(.debug_ranges)
 .debug_ranges  0x0000000000000000       0x60 build/default/debug/1_MCAL/1_DIO/DIO_program.o
 .debug_ranges  0x0000000000000060       0x58 build/default/debug/1_MCAL/2_EXIT/EXTI_program.o
 .debug_ranges  0x00000000000000b8       0x58 build/default/debug/1_MCAL/4_ADC/ADC_program.o
 .debug_ranges  0x0000000000000110      0x108 build/default/debug/1_MCAL/5_TIMER/TIMER_program.o
 .debug_ranges  0x0000000000000218       0x50 build/default/debug/1_MCAL/6_USART/USART_program.o
 .debug_ranges  0x0000000000000268       0x38 build/default/debug/1_MCAL/7-SPI/SPI_program.o
 .debug_ranges  0x00000000000002a0       0x18 build/default/debug/2_HAL/6_KPD/KPD_program.o
 .debug_ranges  0x00000000000002b8       0x10 build/default/debug/application.o

.debug_macro
 *(.debug_macro)
OUTPUT(dist/default/debug/Application0.X.debug.elf elf32-avr)
LOAD linker stubs
LOAD data_init

.note.gnu.avr.deviceinfo
                0x0000000000000000       0x3c
 .note.gnu.avr.deviceinfo
                0x0000000000000000       0x3c C:/Program Files/Microchip/MPLABX/v6.15/packs/Microchip/ATmega_DFP/3.0.158/xc8/avr/lib/avr5/memx-const/crtatmega32.o

.bss.EXTI_CallBack
                0x0000000000800090        0x6
 .bss.EXTI_CallBack
                0x0000000000800090        0x6 build/default/debug/1_MCAL/2_EXIT/EXTI_program.o
                0x0000000000800090                EXTI_CallBack

.bss.ADC_u8State
                0x00000000008000a9        0x1
 .bss.ADC_u8State
                0x00000000008000a9        0x1 build/default/debug/1_MCAL/4_ADC/ADC_program.o

.bss.ADC_u8Index
                0x00000000008000aa        0x1
 .bss.ADC_u8Index
                0x00000000008000aa        0x1 build/default/debug/1_MCAL/4_ADC/ADC_program.o

.bss.ADC_u8ChainSize
                0x00000000008000ab        0x1
 .bss.ADC_u8ChainSize
                0x00000000008000ab        0x1 build/default/debug/1_MCAL/4_ADC/ADC_program.o

.bss.ADC_pu8ChainChannel
                0x0000000000800099        0x2
 .bss.ADC_pu8ChainChannel
                0x0000000000800099        0x2 build/default/debug/1_MCAL/4_ADC/ADC_program.o

.bss.ADC_u8ISRState
                0x00000000008000ac        0x1
 .bss.ADC_u8ISRState
                0x00000000008000ac        0x1 build/default/debug/1_MCAL/4_ADC/ADC_program.o

.bss.ADC_pvNotificationFunc
                0x000000000080009b        0x2
 .bss.ADC_pvNotificationFunc
                0x000000000080009b        0x2 build/default/debug/1_MCAL/4_ADC/ADC_program.o

.bss.ADC_pu16AsynchConversionResult
                0x000000000080009d        0x2
 .bss.ADC_pu16AsynchConversionResult
                0x000000000080009d        0x2 build/default/debug/1_MCAL/4_ADC/ADC_program.o

.bss.TIMERS_pvCallBackFunc
                0x0000000000800060       0x20
 .bss.TIMERS_pvCallBackFunc
                0x0000000000800060       0x20 build/default/debug/1_MCAL/5_TIMER/TIMER_program.o

.bss.USART_u8State
                0x00000000008000ad        0x1
 .bss.USART_u8State
                0x00000000008000ad        0x1 build/default/debug/1_MCAL/6_USART/USART_program.o

.bss.USART_pvNotificationFunc
                0x000000000080009f        0x2
 .bss.USART_pvNotificationFunc
                0x000000000080009f        0x2 build/default/debug/1_MCAL/6_USART/USART_program.o

.bss.USART_u8Index
                0x00000000008000ae        0x1
 .bss.USART_u8Index
                0x00000000008000ae        0x1 build/default/debug/1_MCAL/6_USART/USART_program.o

.bss.USART_u8BufferSize
                0x00000000008000af        0x1
 .bss.USART_u8BufferSize
                0x00000000008000af        0x1 build/default/debug/1_MCAL/6_USART/USART_program.o

.bss.USART_pu8ReceiveData
                0x00000000008000a1        0x2
 .bss.USART_pu8ReceiveData
                0x00000000008000a1        0x2 build/default/debug/1_MCAL/6_USART/USART_program.o

.bss.USART_pu8SendData
                0x0000000000800096        0x3
 .bss.USART_pu8SendData
                0x0000000000800096        0x3 build/default/debug/1_MCAL/6_USART/USART_program.o

.bss.SPI_u8State
                0x00000000008000b0        0x1
 .bss.SPI_u8State
                0x00000000008000b0        0x1 build/default/debug/1_MCAL/7-SPI/SPI_program.o

.bss.SPI_pvNotificationFunc
                0x00000000008000a3        0x2
 .bss.SPI_pvNotificationFunc
                0x00000000008000a3        0x2 build/default/debug/1_MCAL/7-SPI/SPI_program.o

.bss.SPI_u8Index
                0x00000000008000b1        0x1
 .bss.SPI_u8Index
                0x00000000008000b1        0x1 build/default/debug/1_MCAL/7-SPI/SPI_program.o

.bss.SPI_u8BufferSize
                0x00000000008000b2        0x1
 .bss.SPI_u8BufferSize
                0x00000000008000b2        0x1 build/default/debug/1_MCAL/7-SPI/SPI_program.o

.bss.SPI_pu8RData
                0x00000000008000a5        0x2
 .bss.SPI_pu8RData
                0x00000000008000a5        0x2 build/default/debug/1_MCAL/7-SPI/SPI_program.o

.bss.SPI_pu8TData
                0x00000000008000a7        0x2
 .bss.SPI_pu8TData
                0x00000000008000a7        0x2 build/default/debug/1_MCAL/7-SPI/SPI_program.o

.bss.KeypadValue
                0x00000000008000b3        0x1
 .bss.KeypadValue
                0x00000000008000b3        0x1 build/default/debug/application.o
                0x00000000008000b3                KeypadValue

.text.DIO_enumConnectPullup
                0x00000000000000ba      0x144
 .text.DIO_enumConnectPullup
                0x00000000000000ba      0x144 build/default/debug/1_MCAL/1_DIO/DIO_program.o
                0x00000000000000ba                DIO_enumConnectPullup

.text.DIO_enumSetPinDirection
                0x00000000000001fe      0x110
 .text.DIO_enumSetPinDirection
                0x00000000000001fe      0x110 build/default/debug/1_MCAL/1_DIO/DIO_program.o
                0x00000000000001fe                DIO_enumSetPinDirection

.text.DIO_enumSetPinValue
                0x000000000000030e      0x110
 .text.DIO_enumSetPinValue
                0x000000000000030e      0x110 build/default/debug/1_MCAL/1_DIO/DIO_program.o
                0x000000000000030e                DIO_enumSetPinValue

.text.DIO_enumGetPinValue
                0x000000000000041e       0xd2
 .text.DIO_enumGetPinValue
                0x000000000000041e       0xd2 build/default/debug/1_MCAL/1_DIO/DIO_program.o
                0x000000000000041e                DIO_enumGetPinValue

.text.KPD_u8GetPressed
                0x00000000000004f0       0xd0
 .text.KPD_u8GetPressed
                0x00000000000004f0       0xd0 build/default/debug/2_HAL/6_KPD/KPD_program.o
                0x00000000000004f0                KPD_u8GetPressed

.text.__vector_16
                0x00000000000005c0       0xca
 .text.__vector_16
                0x00000000000005c0       0xca build/default/debug/1_MCAL/4_ADC/ADC_program.o
                0x00000000000005c0                __vector_16

.text.__vector_12
                0x000000000000068a       0x88
 .text.__vector_12
                0x000000000000068a       0x88 build/default/debug/1_MCAL/7-SPI/SPI_program.o
                0x000000000000068a                __vector_12

.text.__vector_15
                0x0000000000000712       0x84
 .text.__vector_15
                0x0000000000000712       0x84 build/default/debug/1_MCAL/6_USART/USART_program.o
                0x0000000000000712                __vector_15

.text.__vector_13
                0x0000000000000796       0x7a
 .text.__vector_13
                0x0000000000000796       0x7a build/default/debug/1_MCAL/6_USART/USART_program.o
                0x0000000000000796                __vector_13

.text.KPD_Init  0x0000000000000810       0x7a
 .text.KPD_Init
                0x0000000000000810       0x7a build/default/debug/2_HAL/6_KPD/KPD_program.o
                0x0000000000000810                KPD_Init

.text.__vector_1
                0x000000000000088a       0x58
 .text.__vector_1
                0x000000000000088a       0x58 build/default/debug/1_MCAL/2_EXIT/EXTI_program.o
                0x000000000000088a                __vector_1

.text.__vector_2
                0x00000000000008e2       0x58
 .text.__vector_2
                0x00000000000008e2       0x58 build/default/debug/1_MCAL/2_EXIT/EXTI_program.o
                0x00000000000008e2                __vector_2

.text.__vector_3
                0x000000000000093a       0x58
 .text.__vector_3
                0x000000000000093a       0x58 build/default/debug/1_MCAL/2_EXIT/EXTI_program.o
                0x000000000000093a                __vector_3

.text.__vector_11
                0x0000000000000992       0x52
 .text.__vector_11
                0x0000000000000992       0x52 build/default/debug/1_MCAL/5_TIMER/TIMER_program.o
                0x0000000000000992                __vector_11

.text.__vector_10
                0x00000000000009e4       0x52
 .text.__vector_10
                0x00000000000009e4       0x52 build/default/debug/1_MCAL/5_TIMER/TIMER_program.o
                0x00000000000009e4                __vector_10

.text.__vector_9
                0x0000000000000a36       0x52
 .text.__vector_9
                0x0000000000000a36       0x52 build/default/debug/1_MCAL/5_TIMER/TIMER_program.o
                0x0000000000000a36                __vector_9

.text.__vector_8
                0x0000000000000a88       0x52
 .text.__vector_8
                0x0000000000000a88       0x52 build/default/debug/1_MCAL/5_TIMER/TIMER_program.o
                0x0000000000000a88                __vector_8

.text.__vector_7
                0x0000000000000ada       0x52
 .text.__vector_7
                0x0000000000000ada       0x52 build/default/debug/1_MCAL/5_TIMER/TIMER_program.o
                0x0000000000000ada                __vector_7

.text.__vector_6
                0x0000000000000b2c       0x52
 .text.__vector_6
                0x0000000000000b2c       0x52 build/default/debug/1_MCAL/5_TIMER/TIMER_program.o
                0x0000000000000b2c                __vector_6

.text.__vector_5
                0x0000000000000b7e       0x52
 .text.__vector_5
                0x0000000000000b7e       0x52 build/default/debug/1_MCAL/5_TIMER/TIMER_program.o
                0x0000000000000b7e                __vector_5

.text.__vector_4
                0x0000000000000bd0       0x52
 .text.__vector_4
                0x0000000000000bd0       0x52 build/default/debug/1_MCAL/5_TIMER/TIMER_program.o
                0x0000000000000bd0                __vector_4

.text.EXTI_voidClearFlag
                0x0000000000000c22       0x16
 .text.EXTI_voidClearFlag
                0x0000000000000c22       0x16 build/default/debug/1_MCAL/2_EXIT/EXTI_program.o
                0x0000000000000c22                EXTI_voidClearFlag

.text.exit      0x0000000000000c38       0x16
 .text.exit     0x0000000000000c38       0x16 c:/program files/microchip/xc8/v2.45/avr/bin/../lib/gcc/avr/5.4.0/../../../../avr/lib/avr5/memx-const\libc.a(exit.o)
                0x0000000000000c38                exit

.text.main      0x0000000000000c4e        0xe
 .text.main     0x0000000000000c4e        0xe build/default/debug/application.o
                0x0000000000000c4e                main

.text           0x0000000000000c5c        0x4
 .text          0x0000000000000c5c        0x4 C:/Program Files/Microchip/MPLABX/v6.15/packs/Microchip/ATmega_DFP/3.0.158/xc8/avr/lib/avr5/memx-const/crtatmega32.o
                0x0000000000000c5c                __vector_17
                0x0000000000000c5c                __vector_19
                0x0000000000000c5c                __vector_14
                0x0000000000000c5c                __vector_18
                0x0000000000000c5c                __vector_20
                0x0000000000000c5c                __bad_interrupt

.text._Exit     0x0000000000000c60        0x4
 .text._Exit    0x0000000000000c60        0x4 c:/program files/microchip/xc8/v2.45/avr/bin/../lib/gcc/avr/5.4.0/../../../../avr/lib/avr5/memx-const\libc.a(_Exit.o)
                0x0000000000000c60                _Exit

.text.__dummy_fini
                0x0000000000000c64        0x2
 .text.__dummy_fini
                0x0000000000000c64        0x2 c:/program files/microchip/xc8/v2.45/avr/bin/../lib/gcc/avr/5.4.0/../../../../avr/lib/avr5/memx-const\libc.a(exit.o)
                0x0000000000000c64                _fini

.text.__dummy_funcs_on_exit
                0x0000000000000c66        0x2
 .text.__dummy_funcs_on_exit
                0x0000000000000c66        0x2 c:/program files/microchip/xc8/v2.45/avr/bin/../lib/gcc/avr/5.4.0/../../../../avr/lib/avr5/memx-const\libc.a(exit.o)
                0x0000000000000c66                __funcs_on_exit

.text.__dummy_simulator_exit
                0x0000000000000c68        0x2
 .text.__dummy_simulator_exit
                0x0000000000000c68        0x2 c:/program files/microchip/xc8/v2.45/avr/bin/../lib/gcc/avr/5.4.0/../../../../avr/lib/avr5/memx-const\libc.a(exit.o)
                0x0000000000000c68                __simulator_exit

.data.KPD_u8Buttons
                0x0000000000800080       0x10 load address 0x0000000000000c6a
 .data.KPD_u8Buttons
                0x0000000000800080       0x10 build/default/debug/2_HAL/6_KPD/KPD_program.o
                0x0000000000800080                KPD_u8Buttons
